Microchip Technology Inc, v

Tool Name:
  /opt/microchip/xc16/v1.21/bin/bin/../bin/elf-ld

Command:
  -p33EP256MU806 \
  -o \
  dist/default/production/PMSMx.production.elf \
  -L/opt/microchip/xc16/v1.21/bin/bin/.. \
  -L/opt/microchip/xc16/v1.21/bin/bin/../../lib \
  -L/opt/microchip/xc16/v1.21/bin/bin/../../lib/PIC24E \
  -L/opt/microchip/xc16/v1.21/bin/bin/../../support/PIC24E/gld \
  -L/opt/microchip/xc16/v1.21/bin/bin/../../lib/PIC24F \
  -L/opt/microchip/xc16/v1.21/bin/bin/../../support/PIC24F/gld \
  -L/opt/microchip/xc16/v1.21/bin/bin/../../lib/PIC24H \
  -L/opt/microchip/xc16/v1.21/bin/bin/../../support/PIC24H/gld \
  -L/opt/microchip/xc16/v1.21/bin/bin/../../lib/dsPIC30F \
  -L/opt/microchip/xc16/v1.21/bin/bin/../../support/dsPIC30F/gld \
  -L/opt/microchip/xc16/v1.21/bin/bin/../../lib/dsPIC33E \
  -L/opt/microchip/xc16/v1.21/bin/bin/../../support/dsPIC33E/gld \
  -L/opt/microchip/xc16/v1.21/bin/bin/../../lib/dsPIC33F \
  -L/opt/microchip/xc16/v1.21/bin/bin/../../support/dsPIC33F/gld \
  build/default/production/LQG_NoiseCharacterization.o \
  build/default/production/PMSM_Characterize.o \
  build/default/production/PRBSCharacterization.o \
  build/default/production/main.o \
  build/default/production/SPIdsPIC.o \
  build/default/production/PMSM.o \
  build/default/production/DRV8301.o \
  build/default/production/PMSMBoard.o \
  build/default/production/BasicMotorControl.o \
  build/default/production/CircularBuffer.o \
  build/default/production/DMA_Transfer.o \
  build/default/production/cordic.o \
  --local-stack \
  --defsym=__MPLAB_BUILD=1 \
  -Tp33EP256MU806.gld.00 \
  --heap=2096 \
  --stack=16 \
  --check-sections \
  --data-init \
  --pack-data \
  --handles \
  --isr \
  --no-gc-sections \
  --fill-upper=0 \
  --stackguard=16 \
  --no-force-link \
  --smart-io \
  -Map=dist/default/production/PMSMx.production.map \
  --report-mem \
  -start-group \
  --library=fx-elf \
  --library=pic30-elf \
  --library=m-elf \
  --library=c-elf \
  -end-group \

Archive member included because of file (symbol)

/opt/microchip/xc16/v1.21/bin/bin/../../lib/dsPIC33E/libp33EP256MU806-elf.a(ConfigInt32bitQEI1.o)
                              build/default/production/PMSMBoard.o (_ConfigInt32bitQEI1)
/opt/microchip/xc16/v1.21/bin/bin/../../lib/dsPIC33E/libp33EP256MU806-elf.a(Open32bitQEI1.o)
                              build/default/production/PMSMBoard.o (_Open32bitQEI1)
/opt/microchip/xc16/v1.21/bin/bin/../../lib/dsPIC33E/libp33EP256MU806-elf.a(Read32bitQEI1PositionCounter.o)
                              build/default/production/PMSM.o (_Read32bitQEI1PositionCounter)
/opt/microchip/xc16/v1.21/bin/bin/../../lib/dsPIC33E/libp33EP256MU806-elf.a(CloseSPI1.o)
                              build/default/production/SPIdsPIC.o (_CloseSPI1)
/opt/microchip/xc16/v1.21/bin/bin/../../lib/dsPIC33E/libp33EP256MU806-elf.a(OpenSPI1.o)
                              build/default/production/SPIdsPIC.o (_OpenSPI1)
/opt/microchip/xc16/v1.21/bin/bin/../../lib/libpic30-elf.a(crt0_extendedep.o)
                              (__resetPRI)
/opt/microchip/xc16/v1.21/bin/bin/../../lib/libpic30-elf.a(data_init_extendedep.o)
                              /opt/microchip/xc16/v1.21/bin/bin/../../lib/libpic30-elf.a(crt0_extendedep.o) (__data_init_extended)
/opt/microchip/xc16/v1.21/bin/bin/../../lib/libm-elf.a(addsf3.epeo)
                              build/default/production/PMSM.o (___subsf3)
/opt/microchip/xc16/v1.21/bin/bin/../../lib/libm-elf.a(divsf3.epeo)
                              build/default/production/cordic.o (___divsf3)
/opt/microchip/xc16/v1.21/bin/bin/../../lib/libm-elf.a(divsi3.epeo)
                              build/default/production/cordic.o (___divsi3)
/opt/microchip/xc16/v1.21/bin/bin/../../lib/libm-elf.a(feqltle.epeo)
                              build/default/production/cordic.o (___eqsf2)
/opt/microchip/xc16/v1.21/bin/bin/../../lib/libm-elf.a(fgtge.epeo)
                              build/default/production/PMSM.o (___gtsf2)
/opt/microchip/xc16/v1.21/bin/bin/../../lib/libm-elf.a(fixsfsi.epeo)
                              build/default/production/cordic.o (_(float, int, long long, short, float, short, int))
/opt/microchip/xc16/v1.21/bin/bin/../../lib/libm-elf.a(fixunssfsi.epeo)
                              build/default/production/main.o (___fixunssfsi)
/opt/microchip/xc16/v1.21/bin/bin/../../lib/libm-elf.a(floatsisf.epeo)
                              build/default/production/PMSM.o (___floatsisf)
/opt/microchip/xc16/v1.21/bin/bin/../../lib/libm-elf.a(floatunsisf.epeo)
                              build/default/production/main.o (___floatunsisf)
/opt/microchip/xc16/v1.21/bin/bin/../../lib/libm-elf.a(floorf.epeo)
                              build/default/production/cordic.o (_floorf)
/opt/microchip/xc16/v1.21/bin/bin/../../lib/libm-elf.a(fmodf.epeo)
                              build/default/production/cordic.o (_fmodf)
/opt/microchip/xc16/v1.21/bin/bin/../../lib/libm-elf.a(fmodrem.epeo)
[...]
Memory Configuration

Name             Origin             Length             Attributes
data             0x001000           0x007000           a !xr
reset            0x000000           0x000004  
ivt              0x000004           0x0001fc  
program          0x000200           0x02a9fe           xr
auxflash         0x7fc000           0x003ff8           xr
FGS              0xf80004           0x000002  
FOSCSEL          0xf80006           0x000002  
FOSC             0xf80008           0x000002  
FWDT             0xf8000a           0x000002  
FPOR             0xf8000c           0x000002  
FICD             0xf8000e           0x000002  
FAS              0xf80010           0x000002  
FUID0            0xf80012           0x000002  
*default*        0x000000           0xffffffff  

Linker script and memory map

LOAD build/default/production/LQG_NoiseCharacterization.o
LOAD build/default/production/PMSM_Characterize.o
LOAD build/default/production/PRBSCharacterization.o
LOAD build/default/production/main.o
LOAD build/default/production/SPIdsPIC.o
LOAD build/default/production/PMSM.o
LOAD build/default/production/DRV8301.o
LOAD build/default/production/PMSMBoard.o
LOAD build/default/production/BasicMotorControl.o
LOAD build/default/production/CircularBuffer.o
LOAD build/default/production/DMA_Transfer.o
LOAD build/default/production/cordic.o
                    0x0001                  __MPLAB_BUILD = 0x1
LOAD /opt/microchip/xc16/v1.21/bin/bin/../../lib/dsPIC33E/libp33EP256MU806-elf.a
                    0xf80004                  __FGS = 0xf80004
                    0xf80006                  __FOSCSEL = 0xf80006
                    0xf80008                  __FOSC = 0xf80008
                    0xf8000a                  __FWDT = 0xf8000a
                    0xf8000c                  __FPOR = 0xf8000c
                    0xf8000e                  __FICD = 0xf8000e
                    0xf80010                  __FAS = 0xf80010
                    0xf80012                  __FUID0 = 0xf80012
                    0x0004                  __IVT_BASE = 0x4
                    0x1000                  __DATA_BASE = 0x1000
                    0x7000                  __DATA_LENGTH = 0x7000
                    0x5000                  __YDATA_BASE = 0x5000
                    0x7000                  __DMA_BASE = 0x7000
                    0x7fff                  __DMA_END = 0x7fff
                    0x7fc000                  __CODE_BASE = 0x7fc000
                    0x3ffa                  __CODE_LENGTH = 0x3ffa

.reset            0x000000          0x4
                  0x000000          0x2 SHORT 0x200 ABSOLUTE (__reset)
                  0x000001          0x2 SHORT 0x4
                  0x000002          0x2 SHORT 0x0 ((ABSOLUTE (__reset) >> 0x10) & 0x7f)
                  0x000003          0x2 SHORT 0x0

.text             0x000200       0x146c
 *(.init)
 .init            0x000200         0x32 /opt/microchip/xc16/v1.21/bin/bin/../../lib/libpic30-elf.a(crt0_extendedep.o)
                  0x000200                  __reset
                  0x000200                  __resetPRI
                  0x000226                  __psv_init
 .init            0x000232         0x9a /opt/microchip/xc16/v1.21/bin/bin/../../lib/libpic30-elf.a(data_init_extendedep.o)
                  0x000232                  __data_init_extended
                  0x000232                  __data_init
 *(.user_init)
 *(.handle)
 .handle          0x0002cc          0x4 jump_table
 *(.isr*)
 .isr             0x0002d0          0x4 default_isr
                  0x0002d0                  __DefaultInterrupt
 *(.libc)
 *(.libm)
 *(.libdsp)
 *(.lib*)
 .libperi         0x0002d4         0x28 /opt/microchip/xc16/v1.21/bin/bin/../../lib/dsPIC33E/libp33EP256MU806-elf.a(ConfigInt32bitQEI1.o)
                  0x0002d4                  _ConfigInt32bitQEI1
 .libperi         0x0002fc          0xc /opt/microchip/xc16/v1.21/bin/bin/../../lib/dsPIC33E/libp33EP256MU806-elf.a(Open32bitQEI1.o)
                  0x0002fc                  _Open32bitQEI1
 .libperi         0x000308          0xa /opt/microchip/xc16/v1.21/bin/bin/../../lib/dsPIC33E/libp33EP256MU806-elf.a(Read32bitQEI1PositionCounter.o)
                  0x000308                  _Read32bitQEI1PositionCounter
 .libperi         0x000312          0xc /opt/microchip/xc16/v1.21/bin/bin/../../lib/dsPIC33E/libp33EP256MU806-elf.a(CloseSPI1.o)
                  0x000312                  _CloseSPI1
 .libperi         0x00031e          0xc /opt/microchip/xc16/v1.21/bin/bin/../../lib/dsPIC33E/libp33EP256MU806-elf.a(OpenSPI1.o)
                  0x00031e                  _OpenSPI1
 .libm.subsf3     0x00032a         0xbc /opt/microchip/xc16/v1.21/bin/bin/../../lib/libm-elf.a(addsf3.epeo)
                  0x00032a                  ___subsf3
                  0x00032c                  ___addsf3
 .libm.divfs3     0x0003e6         0x84 /opt/microchip/xc16/v1.21/bin/bin/../../lib/libm-elf.a(divsf3.epeo)
                  0x0003e6                  ___divsf3
 .libm.divsi3     0x00046a         0x1e /opt/microchip/xc16/v1.21/bin/bin/../../lib/libm-elf.a(divsi3.epeo)
                  0x00046a                  ___divsi3
 .libm.eqsf2      0x000488          0x4 /opt/microchip/xc16/v1.21/bin/bin/../../lib/libm-elf.a(feqltle.epeo)
                  0x000488                  ___lesf2
                  0x000488                  ___eqsf2
                  0x000488                  ___ltsf2
 .libm.gtsf2      0x00048c          0x4 /opt/microchip/xc16/v1.21/bin/bin/../../lib/libm-elf.a(fgtge.epeo)
                  0x00048c                  ___gtsf2
                  0x00048c                  ___gesf2
 .libm.fixsfsi    0x000490         0x42 /opt/microchip/xc16/v1.21/bin/bin/../../lib/libm-elf.a(fixsfsi.epeo)
                  0x000490                  _(float, int, long long, short, float, short, int)
 .libm.fixunssfsi
                  0x0004d2         0x36 /opt/microchip/xc16/v1.21/bin/bin/../../lib/libm-elf.a(fixunssfsi.epeo)
                  0x0004d2                  ___fixunssfsi
 .libm.floatsisf
                  0x000508          0x6 /opt/microchip/xc16/v1.21/bin/bin/../../lib/libm-elf.a(floatsisf.epeo)
                  0x000508                  ___floatsisf
 .libm.floatunsisf
                  0x00050e          0x4 /opt/microchip/xc16/v1.21/bin/bin/../../lib/libm-elf.a(floatunsisf.epeo)
                  0x00050e                  ___floatunsisf
 .libm.floorf     0x000512         0x10 /opt/microchip/xc16/v1.21/bin/bin/../../lib/libm-elf.a(floorf.epeo)
                  0x000512                  _floorf
 .libm.fmodf      0x000522          0x4 /opt/microchip/xc16/v1.21/bin/bin/../../lib/libm-elf.a(fmodf.epeo)
                  0x000522                  _fmodf
 .libm.fmodrem    0x000526         0x9e /opt/microchip/xc16/v1.21/bin/bin/../../lib/libm-elf.a(fmodrem.epeo)
                  0x000526                  __fmodrem
 .libm.fpack      0x0005c4         0x4c /opt/microchip/xc16/v1.21/bin/bin/../../lib/libm-elf.a(fpack.epeo)
                  0x0005c4                  __fpack
 .libm.funpack    0x000610         0x2a /opt/microchip/xc16/v1.21/bin/bin/../../lib/libm-elf.a(funpack.epeo)
                  0x000610                  __funpack
 .libm.funpack2
                  0x00063a         0x10 /opt/microchip/xc16/v1.21/bin/bin/../../lib/libm-elf.a(funpack2.epeo)
                  0x00063a                  __funpack2
 .libm.fPropagateNaN
                  0x00064a         0x12 /opt/microchip/xc16/v1.21/bin/bin/../../lib/libm-elf.a(futil.epeo)
                  0x00064a                  __fPropagateNaN
 .libm.fbobExit
                  0x00065c          0x8 /opt/microchip/xc16/v1.21/bin/bin/../../lib/libm-elf.a(futil.epeo)
                  0x00065c                  __fbopExit
 .libm.fbopReturnNaN
                  0x000664          0x6 /opt/microchip/xc16/v1.21/bin/bin/../../lib/libm-elf.a(futil.epeo)
                  0x000664                  __fbopReturnNaN
 .libm.mulsf3     0x00066a         0x68 /opt/microchip/xc16/v1.21/bin/bin/../../lib/libm-elf.a(mulsf3.epeo)
                  0x00066a                  ___mulsf3
 .libm.udivsi3    0x0006d2         0x20 /opt/microchip/xc16/v1.21/bin/bin/../../lib/libm-elf.a(udivsi3.epeo)
                  0x0006d2                  ___udivsi3
 .libm.fchop      0x0006f2         0x4e /opt/microchip/xc16/v1.21/bin/bin/../../lib/libm-elf.a(fchop.epeo)
                  0x0006f2                  __fchop
 .libm.fcompare
                  0x000740         0x36 /opt/microchip/xc16/v1.21/bin/bin/../../lib/libm-elf.a(fcompare.epeo)
                  0x000740                  __fcompare
 .libm.floatdisf
                  0x000776         0x20 /opt/microchip/xc16/v1.21/bin/bin/../../lib/libm-elf.a(floatdisf.epeo)
                  0x000776                  ___floatdisf
 .libm.floatundisf
                  0x000796         0x5e /opt/microchip/xc16/v1.21/bin/bin/../../lib/libm-elf.a(floatundisf.epeo)
                  0x000796                  ___floatundisf
 .libc.exit.exit
                  0x0007f4          0xa /opt/microchip/xc16/v1.21/bin/bin/../../lib/libc-elf.a(exit.epeo)
                  0x0007f4                  _exit
 .libc._cleanup._cleanup
                  0x0007fe          0x6 /opt/microchip/xc16/v1.21/bin/bin/../../lib/libc-elf.a(stdclean.epeo)
                  0x0007fe                  __cleanup
 .libc.fputc.fputc
                  0x000804         0x92 /opt/microchip/xc16/v1.21/bin/bin/../../lib/libc-elf.a(fputc.epelo)
                  0x000804                  _fputc
 .libc.fwrite.fwrite
                  0x000896         0xe8 /opt/microchip/xc16/v1.21/bin/bin/../../lib/libc-elf.a(fwrite.epelo)
                  0x000896                  _fwrite
 .libc.malloc.malloc
                  0x00097e        0x146 /opt/microchip/xc16/v1.21/bin/bin/../../lib/libc-elf.a(malloc.epelo)
                  0x00097e                  _malloc
 .libc.free.free
                  0x000ac4         0x1a /opt/microchip/xc16/v1.21/bin/bin/../../lib/libc-elf.a(malloc.epelo)
                  0x000ac4                  _free
 .libc.realloc.realloc
                  0x000ade         0x96 /opt/microchip/xc16/v1.21/bin/bin/../../lib/libc-elf.a(malloc.epelo)
                  0x000ade                  _realloc
 .libc.memcpy.memcpy
                  0x000b74         0x2a /opt/microchip/xc16/v1.21/bin/bin/../../lib/libc-elf.a(memcpy.epelo)
                  0x000b74                  _memcpy
 .libc._sprintf_cdnopuxX._sprintf_cdnopuxX
                  0x000b9e         0x2a /opt/microchip/xc16/v1.21/bin/bin/../../lib/libc-elf.a(sprintf_cdnopuxX.EPeo)
                  0x000b9e                  __sprintf_cdnopuxX
 .libc._vfprintf_cdnopuxX._vfprintf_cdnopuxX
                  0x000bc8        0x57e /opt/microchip/xc16/v1.21/bin/bin/../../lib/libc-elf.a(doprnt_cdnopuxX.EPelo)
                  0x000bc8                  __vfprintf_cdnopuxX
 .libc.fflush.fflush
                  0x001146         0x60 /opt/microchip/xc16/v1.21/bin/bin/../../lib/libc-elf.a(fflush.epelo)
                  0x001146                  _fflush
 .libc._flsbuf._flsbuf
                  0x0011a6         0x90 /opt/microchip/xc16/v1.21/bin/bin/../../lib/libc-elf.a(flsbuf.epelo)
                  0x0011a6                  __flsbuf
 .libc._ssize.clone.0._ssize.clone.0
                  0x001236         0x32 /opt/microchip/xc16/v1.21/bin/bin/../../lib/libc-elf.a(fseek.epelo)
 .libc.ftell.ftell
                  0x001268         0x3a /opt/microchip/xc16/v1.21/bin/bin/../../lib/libc-elf.a(fseek.epelo)
                  0x001268                  _ftell
 .libc.fseek.fseek
                  0x0012a2         0xba /opt/microchip/xc16/v1.21/bin/bin/../../lib/libc-elf.a(fseek.epelo)
                  0x0012a2                  _fseek
 .libc._exit      0x00135c         0x1a /opt/microchip/xc16/v1.21/bin/bin/../../lib/libpic30-elf.a(_exitep.eo)
                  0x00135c                  __exit
 .libc.dolseek.dolseek
                  0x001376          0x8 /opt/microchip/xc16/v1.21/bin/bin/../../lib/libpic30-elf.a(lseekep.eo)
 .libc.lseek      0x00137e         0x1a /opt/microchip/xc16/v1.21/bin/bin/../../lib/libpic30-elf.a(lseekep.eo)
                  0x00137e                  _lseek
 .libc.dowrite.dowrite
                  0x001398          0x8 /opt/microchip/xc16/v1.21/bin/bin/../../lib/libpic30-elf.a(writeep.eo)
 .libc.write      0x0013a0         0x60 /opt/microchip/xc16/v1.21/bin/bin/../../lib/libpic30-elf.a(writeep.eo)
                  0x0013a0                  _write
 .libc.sbrk       0x001400         0x2c /opt/microchip/xc16/v1.21/bin/bin/../../lib/libpic30-elf.a(sbrkep.eo)
                  0x001400                  _sbrk
 .libc.brk        0x00142c         0x20 /opt/microchip/xc16/v1.21/bin/bin/../../lib/libpic30-elf.a(brkep.elo)
                  0x00142c                  _brk
 .libm.__PplusBdi.__PplusBdi
                  0x00144c         0x2c /opt/microchip/xc16/v1.21/bin/bin/../../lib/libm-elf.a(divmoddi3.epeo)
 .libm.__PminusBdi.__PminusBdi
                  0x001478         0x42 /opt/microchip/xc16/v1.21/bin/bin/../../lib/libm-elf.a(divmoddi3.epeo)
 .libm.__udivmoddi3.__udivmoddi3
                  0x0014ba         0xd0 /opt/microchip/xc16/v1.21/bin/bin/../../lib/libm-elf.a(divmoddi3.epeo)
                  0x0014ba                  ___udivmoddi3
 .libm.__udivdi3.__udivdi3
                  0x00158a         0x12 /opt/microchip/xc16/v1.21/bin/bin/../../lib/libm-elf.a(divmoddi3.epeo)
                  0x00158a                  ___udivdi3
 .libm.__umoddi3.__umoddi3
                  0x00159c          0xc /opt/microchip/xc16/v1.21/bin/bin/../../lib/libm-elf.a(divmoddi3.epeo)
                  0x00159c                  ___umoddi3
 .libm.__divdi3.__divdi3
                  0x0015a8         0x64 /opt/microchip/xc16/v1.21/bin/bin/../../lib/libm-elf.a(divmoddi3.epeo)
                  0x0015a8                  ___divdi3
 .libm.__moddi3.__moddi3
                  0x00160c         0x60 /opt/microchip/xc16/v1.21/bin/bin/../../lib/libm-elf.a(divmoddi3.epeo)
                  0x00160c                  ___moddi3

usercode
 *(usercode)

__FGS
 *(__FGS.sec*)

__FOSCSEL         0xf80006          0x2
 *(__FOSCSEL.sec*)
 __FOSCSEL.sec    0xf80006          0x2 build/default/production/PMSMBoard.o

__FOSC            0xf80008          0x2
 *(__FOSC.sec*)
 __FOSC.sec       0xf80008          0x2 build/default/production/PMSMBoard.o

__FWDT            0xf8000a          0x2
 *(__FWDT.sec*)
 __FWDT.sec       0xf8000a          0x2 build/default/production/PMSMBoard.o

__FPOR
 *(__FPOR.sec*)

__FICD            0xf8000e          0x2
 *(__FICD.sec*)
 __FICD.sec       0xf8000e          0x2 build/default/production/PMSMBoard.o

__FAS
 *(__FAS.sec*)

__FUID0
 *(__FUID0.sec*)

.comment
 *(.comment)

.debug_info       0x000000       0x9a8e
 *(.debug_info)
 .debug_info      0x000000        0x177 build/default/production/LQG_NoiseCharacterization.o
 .debug_info      0x000177        0x16f build/default/production/PMSM_Characterize.o
 .debug_info      0x0002e6        0x6a8 build/default/production/main.o
 .debug_info      0x00098e        0x334 build/default/production/SPIdsPIC.o
 .debug_info      0x000cc2        0xc38 build/default/production/PMSM.o
 .debug_info      0x0018fa        0x62b build/default/production/DRV8301.o
 .debug_info      0x001f25       0x458a build/default/production/PMSMBoard.o
 .debug_info      0x0064af        0x16f build/default/production/BasicMotorControl.o
 .debug_info      0x00661e        0x541 build/default/production/CircularBuffer.o
 .debug_info      0x006b5f       0x2015 build/default/production/DMA_Transfer.o
 .debug_info      0x008b74        0xf1a build/default/production/cordic.o
 *(.gnu.linkonce.wi.*)

.debug_abbrev     0x000000        0xb6b
 *(.debug_abbrev)
 .debug_abbrev    0x000000         0x1f build/default/production/LQG_NoiseCharacterization.o
 .debug_abbrev    0x00001f         0x1f build/default/production/PMSM_Characterize.o
 .debug_abbrev    0x00003e          0x1 build/default/production/PRBSCharacterization.o
 .debug_abbrev    0x00003f        0x150 build/default/production/main.o
 .debug_abbrev    0x00018f         0xe3 build/default/production/SPIdsPIC.o
 .debug_abbrev    0x000272        0x1cf build/default/production/PMSM.o
 .debug_abbrev    0x000441         0xf3 build/default/production/DRV8301.o
 .debug_abbrev    0x000534        0x223 build/default/production/PMSMBoard.o
 .debug_abbrev    0x000757         0x1f build/default/production/BasicMotorControl.o
 .debug_abbrev    0x000776         0xe4 build/default/production/CircularBuffer.o
 .debug_abbrev    0x00085a        0x197 build/default/production/DMA_Transfer.o
 .debug_abbrev    0x0009f1        0x17a build/default/production/cordic.o

.debug_line       0x000000       0x2d78
 *(.debug_line)
 .debug_line      0x000000         0x24 build/default/production/LQG_NoiseCharacterization.o
 .debug_line      0x000024         0x24 build/default/production/PMSM_Characterize.o
 .debug_line      0x000048         0x24 build/default/production/PRBSCharacterization.o
 .debug_line      0x00006c        0x29e build/default/production/main.o
 .debug_line      0x00030a        0x212 build/default/production/SPIdsPIC.o
 .debug_line      0x00051c        0x5e7 build/default/production/PMSM.o
 .debug_line      0x000b03        0x222 build/default/production/DRV8301.o
 .debug_line      0x000d25        0x6e6 build/default/production/PMSMBoard.o
 .debug_line      0x00140b         0x24 build/default/production/BasicMotorControl.o
 .debug_line      0x00142f        0x452 build/default/production/CircularBuffer.o
 .debug_line      0x001881        0x54a build/default/production/DMA_Transfer.o
 .debug_line      0x001dcb        0xfad build/default/production/cordic.o

.debug_frame      0x000000        0x5a4
 *(.debug_frame)
 .debug_frame     0x000000         0x44 build/default/production/main.o
 .debug_frame     0x000044         0x44 build/default/production/SPIdsPIC.o
 .debug_frame     0x000088         0xd8 build/default/production/PMSM.o
 .debug_frame     0x000160         0x54 build/default/production/DRV8301.o
 .debug_frame     0x0001b4         0xd4 build/default/production/PMSMBoard.o
 .debug_frame     0x000288         0x94 build/default/production/CircularBuffer.o
 .debug_frame     0x00031c         0xf4 build/default/production/DMA_Transfer.o
 .debug_frame     0x000410        0x194 build/default/production/cordic.o

.debug_str        0x000000        0x44f
 *(.debug_str)
 .debug_str       0x000000         0x37 build/default/production/main.o
 .debug_str       0x000037         0x18 build/default/production/SPIdsPIC.o
 .debug_str       0x00004f         0x2a build/default/production/PMSM.o
 .debug_str       0x000079          0xe build/default/production/DRV8301.o
 .debug_str       0x000087        0x1d5 build/default/production/PMSMBoard.o
 .debug_str       0x00025c          0xf build/default/production/CircularBuffer.o
 .debug_str       0x00026b        0x1a0 build/default/production/DMA_Transfer.o
 .debug_str       0x00040b         0x44 build/default/production/cordic.o

.debug_loc
 *(.debug_loc)

.debug_macinfo
 *(.debug_macinfo)

.debug_pubnames
                  0x000000        0x6f8
 *(.debug_pubnames)
 .debug_pubnames
                  0x000000         0xba build/default/production/main.o
 .debug_pubnames
                  0x0000ba         0x49 build/default/production/SPIdsPIC.o
 .debug_pubnames
                  0x000103         0xd6 build/default/production/PMSM.o
 .debug_pubnames
                  0x0001d9         0x68 build/default/production/DRV8301.o
 .debug_pubnames
                  0x000241         0xfd build/default/production/PMSMBoard.o
 .debug_pubnames
                  0x00033e         0x8a build/default/production/CircularBuffer.o
 .debug_pubnames
                  0x0003c8        0x1a3 build/default/production/DMA_Transfer.o
 .debug_pubnames
                  0x00056b        0x18d build/default/production/cordic.o

.debug_ranges
 *(.debug_ranges)

.debug_aranges    0x000000         0xc0
 *(.debug_aranges)
 .debug_aranges
                  0x000000         0x18 build/default/production/main.o
 .debug_aranges
                  0x000018         0x18 build/default/production/SPIdsPIC.o
 .debug_aranges
                  0x000030         0x18 build/default/production/PMSM.o
 .debug_aranges
                  0x000048         0x18 build/default/production/DRV8301.o
 .debug_aranges
                  0x000060         0x18 build/default/production/PMSMBoard.o
 .debug_aranges
                  0x000078         0x18 build/default/production/CircularBuffer.o
 .debug_aranges
                  0x000090         0x18 build/default/production/DMA_Transfer.o
 .debug_aranges
                  0x0000a8         0x18 build/default/production/cordic.o

.ivt              0x000004        0x130
                  0x000004          0x4 LONG 0x2d0 DEFINED (__OscillatorFail)?ABSOLUTE (__OscillatorFail):ABSOLUTE (__DefaultInterrupt)
                  0x000006          0x4 LONG 0x2d0 DEFINED (__AddressError)?ABSOLUTE (__AddressError):ABSOLUTE (__DefaultInterrupt)
                  0x000008          0x4 LONG 0x2d0 DEFINED (__HardTrapError)?ABSOLUTE (__HardTrapError):ABSOLUTE (__DefaultInterrupt)
                  0x00000a          0x4 LONG 0x2d0 DEFINED (__StackError)?ABSOLUTE (__StackError):ABSOLUTE (__DefaultInterrupt)
                  0x00000c          0x4 LONG 0x2d0 DEFINED (__MathError)?ABSOLUTE (__MathError):ABSOLUTE (__DefaultInterrupt)
                  0x00000e          0x4 LONG 0x2d0 DEFINED (__DMACError)?ABSOLUTE (__DMACError):ABSOLUTE (__DefaultInterrupt)
                  0x000010          0x4 LONG 0x2d0 DEFINED (__SoftTrapError)?ABSOLUTE (__SoftTrapError):ABSOLUTE (__DefaultInterrupt)
                  0x000012          0x4 LONG 0x2d0 DEFINED (__ReservedTrap7)?ABSOLUTE (__ReservedTrap7):ABSOLUTE (__DefaultInterrupt)
                  0x000014          0x4 LONG 0x2d0 DEFINED (__INT0Interrupt)?ABSOLUTE (__INT0Interrupt):ABSOLUTE (__DefaultInterrupt)
                  0x000016          0x4 LONG 0x2d0 DEFINED (__IC1Interrupt)?ABSOLUTE (__IC1Interrupt):ABSOLUTE (__DefaultInterrupt)
                  0x000018          0x4 LONG 0x2d0 DEFINED (__OC1Interrupt)?ABSOLUTE (__OC1Interrupt):ABSOLUTE (__DefaultInterrupt)
                  0x00001a          0x4 LONG 0x2d0 DEFINED (__T1Interrupt)?ABSOLUTE (__T1Interrupt):ABSOLUTE (__DefaultInterrupt)
                  0x00001c          0x4 LONG 0x6490 DEFINED (__DMA0Interrupt)?ABSOLUTE (__DMA0Interrupt):ABSOLUTE (__DefaultInterrupt)
                  0x00001e          0x4 LONG 0x2d0 DEFINED (__IC2Interrupt)?ABSOLUTE (__IC2Interrupt):ABSOLUTE (__DefaultInterrupt)
                  0x000020          0x4 LONG 0x2d0 DEFINED (__OC2Interrupt)?ABSOLUTE (__OC2Interrupt):ABSOLUTE (__DefaultInterrupt)
                  0x000022          0x4 LONG 0x2d0 DEFINED (__T2Interrupt)?ABSOLUTE (__T2Interrupt):ABSOLUTE (__DefaultInterrupt)
                  0x000024          0x4 LONG 0x6306 DEFINED (__T3Interrupt)?ABSOLUTE (__T3Interrupt):ABSOLUTE (__DefaultInterrupt)
                  0x000026          0x4 LONG 0x2d0 DEFINED (__SPI1ErrInterrupt)?ABSOLUTE (__SPI1ErrInterrupt):ABSOLUTE (__DefaultInterrupt)
                  0x000028          0x4 LONG 0x2d0 DEFINED (__SPI1Interrupt)?ABSOLUTE (__SPI1Interrupt):ABSOLUTE (__DefaultInterrupt)
                  0x00002a          0x4 LONG 0x2d0 DEFINED (__U1RXInterrupt)?ABSOLUTE (__U1RXInterrupt):ABSOLUTE (__DefaultInterrupt)
                  0x00002c          0x4 LONG 0x2d0 DEFINED (__U1TXInterrupt)?ABSOLUTE (__U1TXInterrupt):ABSOLUTE (__DefaultInterrupt)
                  0x00002e          0x4 LONG 0x2d0 DEFINED (__AD1Interrupt)?ABSOLUTE (__AD1Interrupt):ABSOLUTE (__DefaultInterrupt)
                  0x000030          0x4 LONG 0x6498 DEFINED (__DMA1Interrupt)?ABSOLUTE (__DMA1Interrupt):ABSOLUTE (__DefaultInterrupt)
                  0x000032          0x4 LONG 0x2d0 DEFINED (__NVMInterrupt)?ABSOLUTE (__NVMInterrupt):ABSOLUTE (__DefaultInterrupt)
                  0x000034          0x4 LONG 0x2d0 DEFINED (__SI2C1Interrupt)?ABSOLUTE (__SI2C1Interrupt):ABSOLUTE (__DefaultInterrupt)
                  0x000036          0x4 LONG 0x2d0 DEFINED (__MI2C1Interrupt)?ABSOLUTE (__MI2C1Interrupt):ABSOLUTE (__DefaultInterrupt)
                  0x000038          0x4 LONG 0x2d0 DEFINED (__CM1Interrupt)?ABSOLUTE (__CM1Interrupt):ABSOLUTE (__DefaultInterrupt)
                  0x00003a          0x4 LONG 0x2d0 DEFINED (__CNInterrupt)?ABSOLUTE (__CNInterrupt):ABSOLUTE (__DefaultInterrupt)
                  0x00003c          0x4 LONG 0x2d0 DEFINED (__INT1Interrupt)?ABSOLUTE (__INT1Interrupt):ABSOLUTE (__DefaultInterrupt)
                  0x00003e          0x4 LONG 0x2d0 DEFINED (__AD2Interrupt)?ABSOLUTE (__AD2Interrupt):ABSOLUTE (__DefaultInterrupt)
                  0x000040          0x4 LONG 0x2d0 DEFINED (__IC7Interrupt)?ABSOLUTE (__IC7Interrupt):ABSOLUTE (__DefaultInterrupt)
                  0x000042          0x4 LONG 0x2d0 DEFINED (__IC8Interrupt)?ABSOLUTE (__IC8Interrupt):ABSOLUTE (__DefaultInterrupt)
                  0x000044          0x4 LONG 0x64c2 DEFINED (__DMA2Interrupt)?ABSOLUTE (__DMA2Interrupt):ABSOLUTE (__DefaultInterrupt)
                  0x000046          0x4 LONG 0x2d0 DEFINED (__OC3Interrupt)?ABSOLUTE (__OC3Interrupt):ABSOLUTE (__DefaultInterrupt)
                  0x000048          0x4 LONG 0x2d0 DEFINED (__OC4Interrupt)?ABSOLUTE (__OC4Interrupt):ABSOLUTE (__DefaultInterrupt)
                  0x00004a          0x4 LONG 0x2d0 DEFINED (__T4Interrupt)?ABSOLUTE (__T4Interrupt):ABSOLUTE (__DefaultInterrupt)
                  0x00004c          0x4 LONG 0x2d0 DEFINED (__T5Interrupt)?ABSOLUTE (__T5Interrupt):ABSOLUTE (__DefaultInterrupt)
                  0x00004e          0x4 LONG 0x2d0 DEFINED (__INT2Interrupt)?ABSOLUTE (__INT2Interrupt):ABSOLUTE (__DefaultInterrupt)
                  0x000050          0x4 LONG 0x2d0 DEFINED (__U2RXInterrupt)?ABSOLUTE (__U2RXInterrupt):ABSOLUTE (__DefaultInterrupt)
                  0x000052          0x4 LONG 0x2d0 DEFINED (__U2TXInterrupt)?ABSOLUTE (__U2TXInterrupt):ABSOLUTE (__DefaultInterrupt)
                  0x000054          0x4 LONG 0x2d0 DEFINED (__SPI2ErrInterrupt)?ABSOLUTE (__SPI2ErrInterrupt):ABSOLUTE (__DefaultInterrupt)
                  0x000056          0x4 LONG 0x2d0 DEFINED (__SPI2Interrupt)?ABSOLUTE (__SPI2Interrupt):ABSOLUTE (__DefaultInterrupt)
                  0x000058          0x4 LONG 0x2d0 DEFINED (__C1RxRdyInterrupt)?ABSOLUTE (__C1RxRdyInterrupt):ABSOLUTE (__DefaultInterrupt)
                  0x00005a          0x4 LONG 0x2d0 DEFINED (__C1Interrupt)?ABSOLUTE (__C1Interrupt):ABSOLUTE (__DefaultInterrupt)
                  0x00005c          0x4 LONG 0x64ca DEFINED (__DMA3Interrupt)?ABSOLUTE (__DMA3Interrupt):ABSOLUTE (__DefaultInterrupt)
                  0x00005e          0x4 LONG 0x2d0 DEFINED (__IC3Interrupt)?ABSOLUTE (__IC3Interrupt):ABSOLUTE (__DefaultInterrupt)
                  0x000060          0x4 LONG 0x2d0 DEFINED (__IC4Interrupt)?ABSOLUTE (__IC4Interrupt):ABSOLUTE (__DefaultInterrupt)
                  0x000062          0x4 LONG 0x2d0 DEFINED (__IC5Interrupt)?ABSOLUTE (__IC5Interrupt):ABSOLUTE (__DefaultInterrupt)
                  0x000064          0x4 LONG 0x2d0 DEFINED (__IC6Interrupt)?ABSOLUTE (__IC6Interrupt):ABSOLUTE (__DefaultInterrupt)
                  0x000066          0x4 LONG 0x2d0 DEFINED (__OC5Interrupt)?ABSOLUTE (__OC5Interrupt):ABSOLUTE (__DefaultInterrupt)
                  0x000068          0x4 LONG 0x2d0 DEFINED (__OC6Interrupt)?ABSOLUTE (__OC6Interrupt):ABSOLUTE (__DefaultInterrupt)
                  0x00006a          0x4 LONG 0x2d0 DEFINED (__OC7Interrupt)?ABSOLUTE (__OC7Interrupt):ABSOLUTE (__DefaultInterrupt)
                  0x00006c          0x4 LONG 0x2d0 DEFINED (__OC8Interrupt)?ABSOLUTE (__OC8Interrupt):ABSOLUTE (__DefaultInterrupt)
                  0x00006e          0x4 LONG 0x2d0 DEFINED (__PMPInterrupt)?ABSOLUTE (__PMPInterrupt):ABSOLUTE (__DefaultInterrupt)
                  0x000070          0x4 LONG 0x64f4 DEFINED (__DMA4Interrupt)?ABSOLUTE (__DMA4Interrupt):ABSOLUTE (__DefaultInterrupt)
                  0x000072          0x4 LONG 0x2d0 DEFINED (__T6Interrupt)?ABSOLUTE (__T6Interrupt):ABSOLUTE (__DefaultInterrupt)
                  0x000074          0x4 LONG 0x62e6 DEFINED (__T7Interrupt)?ABSOLUTE (__T7Interrupt):ABSOLUTE (__DefaultInterrupt)
                  0x000076          0x4 LONG 0x2d0 DEFINED (__SI2C2Interrupt)?ABSOLUTE (__SI2C2Interrupt):ABSOLUTE (__DefaultInterrupt)
                  0x000078          0x4 LONG 0x2d0 DEFINED (__MI2C2Interrupt)?ABSOLUTE (__MI2C2Interrupt):ABSOLUTE (__DefaultInterrupt)
                  0x00007a          0x4 LONG 0x2d0 DEFINED (__T8Interrupt)?ABSOLUTE (__T8Interrupt):ABSOLUTE (__DefaultInterrupt)
                  0x00007c          0x4 LONG 0x2d0 DEFINED (__T9Interrupt)?ABSOLUTE (__T9Interrupt):ABSOLUTE (__DefaultInterrupt)
                  0x00007e          0x4 LONG 0x2d0 DEFINED (__INT3Interrupt)?ABSOLUTE (__INT3Interrupt):ABSOLUTE (__DefaultInterrupt)
                  0x000080          0x4 LONG 0x2d0 DEFINED (__INT4Interrupt)?ABSOLUTE (__INT4Interrupt):ABSOLUTE (__DefaultInterrupt)
                  0x000082          0x4 LONG 0x2d0 DEFINED (__C2RxRdyInterrupt)?ABSOLUTE (__C2RxRdyInterrupt):ABSOLUTE (__DefaultInterrupt)
                  0x000084          0x4 LONG 0x2d0 DEFINED (__C2Interrupt)?ABSOLUTE (__C2Interrupt):ABSOLUTE (__DefaultInterrupt)
                  0x000086          0x4 LONG 0x2d0 DEFINED (__PWMSpEventMatchInterrupt)?ABSOLUTE (__PWMSpEventMatchInterrupt):ABSOLUTE (__DefaultInterrupt)
                  0x000088          0x4 LONG 0x5bc6 DEFINED (__QEI1Interrupt)?ABSOLUTE (__QEI1Interrupt):ABSOLUTE (__DefaultInterrupt)
                  0x00008a          0x4 LONG 0x2d0 DEFINED (__DCIEInterrupt)?ABSOLUTE (__DCIEInterrupt):ABSOLUTE (__DefaultInterrupt)
                  0x00008c          0x4 LONG 0x2d0 DEFINED (__DCIInterrupt)?ABSOLUTE (__DCIInterrupt):ABSOLUTE (__DefaultInterrupt)
                  0x00008e          0x4 LONG 0x64fc DEFINED (__DMA5Interrupt)?ABSOLUTE (__DMA5Interrupt):ABSOLUTE (__DefaultInterrupt)
                  0x000090          0x4 LONG 0x2d0 DEFINED (__RTCCInterrupt)?ABSOLUTE (__RTCCInterrupt):ABSOLUTE (__DefaultInterrupt)
                  0x000092          0x4 LONG 0x2d0 DEFINED (__Interrupt63)?ABSOLUTE (__Interrupt63):ABSOLUTE (__DefaultInterrupt)
                  0x000094          0x4 LONG 0x2d0 DEFINED (__Interrupt64)?ABSOLUTE (__Interrupt64):ABSOLUTE (__DefaultInterrupt)
                  0x000096          0x4 LONG 0x2d0 DEFINED (__U1ErrInterrupt)?ABSOLUTE (__U1ErrInterrupt):ABSOLUTE (__DefaultInterrupt)
                  0x000098          0x4 LONG 0x2d0 DEFINED (__U2ErrInterrupt)?ABSOLUTE (__U2ErrInterrupt):ABSOLUTE (__DefaultInterrupt)
                  0x00009a          0x4 LONG 0x2d0 DEFINED (__CRCInterrupt)?ABSOLUTE (__CRCInterrupt):ABSOLUTE (__DefaultInterrupt)
                  0x00009c          0x4 LONG 0x6526 DEFINED (__DMA6Interrupt)?ABSOLUTE (__DMA6Interrupt):ABSOLUTE (__DefaultInterrupt)
                  0x00009e          0x4 LONG 0x2d0 DEFINED (__DMA7Interrupt)?ABSOLUTE (__DMA7Interrupt):ABSOLUTE (__DefaultInterrupt)
                  0x0000a0          0x4 LONG 0x2d0 DEFINED (__C1TxReqInterrupt)?ABSOLUTE (__C1TxReqInterrupt):ABSOLUTE (__DefaultInterrupt)
                  0x0000a2          0x4 LONG 0x2d0 DEFINED (__C2TxReqInterrupt)?ABSOLUTE (__C2TxReqInterrupt):ABSOLUTE (__DefaultInterrupt)
                  0x0000a4          0x4 LONG 0x2d0 DEFINED (__Interrupt72)?ABSOLUTE (__Interrupt72):ABSOLUTE (__DefaultInterrupt)
                  0x0000a6          0x4 LONG 0x2d0 DEFINED (__PWMSecSpEventMatchInterrupt)?ABSOLUTE (__PWMSecSpEventMatchInterrupt):ABSOLUTE (__DefaultInterrupt)
                  0x0000a8          0x4 LONG 0x2d0 DEFINED (__Interrupt74)?ABSOLUTE (__Interrupt74):ABSOLUTE (__DefaultInterrupt)
                  0x0000aa          0x4 LONG 0x2d0 DEFINED (__QEI2Interrupt)?ABSOLUTE (__QEI2Interrupt):ABSOLUTE (__DefaultInterrupt)
                  0x0000ac          0x4 LONG 0x2d0 DEFINED (__Interrupt76)?ABSOLUTE (__Interrupt76):ABSOLUTE (__DefaultInterrupt)
                  0x0000ae          0x4 LONG 0x2d0 DEFINED (__Interrupt77)?ABSOLUTE (__Interrupt77):ABSOLUTE (__DefaultInterrupt)
                  0x0000b0          0x4 LONG 0x2d0 DEFINED (__Interrupt78)?ABSOLUTE (__Interrupt78):ABSOLUTE (__DefaultInterrupt)
                  0x0000b2          0x4 LONG 0x2d0 DEFINED (__Interrupt79)?ABSOLUTE (__Interrupt79):ABSOLUTE (__DefaultInterrupt)
                  0x0000b4          0x4 LONG 0x2d0 DEFINED (__Interrupt80)?ABSOLUTE (__Interrupt80):ABSOLUTE (__DefaultInterrupt)
                  0x0000b6          0x4 LONG 0x2d0 DEFINED (__U3ErrInterrupt)?ABSOLUTE (__U3ErrInterrupt):ABSOLUTE (__DefaultInterrupt)
                  0x0000b8          0x4 LONG 0x2d0 DEFINED (__U3RXInterrupt)?ABSOLUTE (__U3RXInterrupt):ABSOLUTE (__DefaultInterrupt)
                  0x0000ba          0x4 LONG 0x2d0 DEFINED (__U3TXInterrupt)?ABSOLUTE (__U3TXInterrupt):ABSOLUTE (__DefaultInterrupt)
                  0x0000bc          0x4 LONG 0x2d0 DEFINED (__Interrupt84)?ABSOLUTE (__Interrupt84):ABSOLUTE (__DefaultInterrupt)
                  0x0000be          0x4 LONG 0x2d0 DEFINED (__Interrupt85)?ABSOLUTE (__Interrupt85):ABSOLUTE (__DefaultInterrupt)
                  0x0000c0          0x4 LONG 0x2d0 DEFINED (__USB1Interrupt)?ABSOLUTE (__USB1Interrupt):ABSOLUTE (__DefaultInterrupt)
                  0x0000c2          0x4 LONG 0x2d0 DEFINED (__U4ErrInterrupt)?ABSOLUTE (__U4ErrInterrupt):ABSOLUTE (__DefaultInterrupt)
                  0x0000c4          0x4 LONG 0x2d0 DEFINED (__U4RXInterrupt)?ABSOLUTE (__U4RXInterrupt):ABSOLUTE (__DefaultInterrupt)
                  0x0000c6          0x4 LONG 0x2d0 DEFINED (__U4TXInterrupt)?ABSOLUTE (__U4TXInterrupt):ABSOLUTE (__DefaultInterrupt)
                  0x0000c8          0x4 LONG 0x2d0 DEFINED (__SPI3ErrInterrupt)?ABSOLUTE (__SPI3ErrInterrupt):ABSOLUTE (__DefaultInterrupt)
                  0x0000ca          0x4 LONG 0x2d0 DEFINED (__SPI3Interrupt)?ABSOLUTE (__SPI3Interrupt):ABSOLUTE (__DefaultInterrupt)
                  0x0000cc          0x4 LONG 0x2d0 DEFINED (__OC9Interrupt)?ABSOLUTE (__OC9Interrupt):ABSOLUTE (__DefaultInterrupt)
                  0x0000ce          0x4 LONG 0x2d0 DEFINED (__IC9Interrupt)?ABSOLUTE (__IC9Interrupt):ABSOLUTE (__DefaultInterrupt)
                  0x0000d0          0x4 LONG 0x2d0 DEFINED (__PWM1Interrupt)?ABSOLUTE (__PWM1Interrupt):ABSOLUTE (__DefaultInterrupt)
                  0x0000d2          0x4 LONG 0x2d0 DEFINED (__PWM2Interrupt)?ABSOLUTE (__PWM2Interrupt):ABSOLUTE (__DefaultInterrupt)
                  0x0000d4          0x4 LONG 0x2d0 DEFINED (__PWM3Interrupt)?ABSOLUTE (__PWM3Interrupt):ABSOLUTE (__DefaultInterrupt)
                  0x0000d6          0x4 LONG 0x2d0 DEFINED (__PWM4Interrupt)?ABSOLUTE (__PWM4Interrupt):ABSOLUTE (__DefaultInterrupt)
                  0x0000d8          0x4 LONG 0x2d0 DEFINED (__Interrupt98)?ABSOLUTE (__Interrupt98):ABSOLUTE (__DefaultInterrupt)
                  0x0000da          0x4 LONG 0x2d0 DEFINED (__Interrupt99)?ABSOLUTE (__Interrupt99):ABSOLUTE (__DefaultInterrupt)
                  0x0000dc          0x4 LONG 0x2d0 DEFINED (__Interrupt100)?ABSOLUTE (__Interrupt100):ABSOLUTE (__DefaultInterrupt)
                  0x0000de          0x4 LONG 0x2d0 DEFINED (__Interrupt101)?ABSOLUTE (__Interrupt101):ABSOLUTE (__DefaultInterrupt)
                  0x0000e0          0x4 LONG 0x2d0 DEFINED (__Interrupt102)?ABSOLUTE (__Interrupt102):ABSOLUTE (__DefaultInterrupt)
                  0x0000e2          0x4 LONG 0x2d0 DEFINED (__Interrupt103)?ABSOLUTE (__Interrupt103):ABSOLUTE (__DefaultInterrupt)
                  0x0000e4          0x4 LONG 0x2d0 DEFINED (__Interrupt104)?ABSOLUTE (__Interrupt104):ABSOLUTE (__DefaultInterrupt)
                  0x0000e6          0x4 LONG 0x2d0 DEFINED (__Interrupt105)?ABSOLUTE (__Interrupt105):ABSOLUTE (__DefaultInterrupt)
                  0x0000e8          0x4 LONG 0x2d0 DEFINED (__Interrupt106)?ABSOLUTE (__Interrupt106):ABSOLUTE (__DefaultInterrupt)
                  0x0000ea          0x4 LONG 0x2d0 DEFINED (__Interrupt107)?ABSOLUTE (__Interrupt107):ABSOLUTE (__DefaultInterrupt)
                  0x0000ec          0x4 LONG 0x2d0 DEFINED (__Interrupt108)?ABSOLUTE (__Interrupt108):ABSOLUTE (__DefaultInterrupt)
                  0x0000ee          0x4 LONG 0x2d0 DEFINED (__Interrupt109)?ABSOLUTE (__Interrupt109):ABSOLUTE (__DefaultInterrupt)
                  0x0000f0          0x4 LONG 0x2d0 DEFINED (__Interrupt110)?ABSOLUTE (__Interrupt110):ABSOLUTE (__DefaultInterrupt)
                  0x0000f2          0x4 LONG 0x2d0 DEFINED (__Interrupt111)?ABSOLUTE (__Interrupt111):ABSOLUTE (__DefaultInterrupt)
                  0x0000f4          0x4 LONG 0x2d0 DEFINED (__Interrupt112)?ABSOLUTE (__Interrupt112):ABSOLUTE (__DefaultInterrupt)
                  0x0000f6          0x4 LONG 0x2d0 DEFINED (__Interrupt113)?ABSOLUTE (__Interrupt113):ABSOLUTE (__DefaultInterrupt)
                  0x0000f8          0x4 LONG 0x2d0 DEFINED (__Interrupt114)?ABSOLUTE (__Interrupt114):ABSOLUTE (__DefaultInterrupt)
                  0x0000fa          0x4 LONG 0x2d0 DEFINED (__Interrupt115)?ABSOLUTE (__Interrupt115):ABSOLUTE (__DefaultInterrupt)
                  0x0000fc          0x4 LONG 0x2d0 DEFINED (__Interrupt116)?ABSOLUTE (__Interrupt116):ABSOLUTE (__DefaultInterrupt)
                  0x0000fe          0x4 LONG 0x2d0 DEFINED (__Interrupt117)?ABSOLUTE (__Interrupt117):ABSOLUTE (__DefaultInterrupt)
                  0x000100          0x4 LONG 0x2d0 DEFINED (__DMA8Interrupt)?ABSOLUTE (__DMA8Interrupt):ABSOLUTE (__DefaultInterrupt)
                  0x000102          0x4 LONG 0x2d0 DEFINED (__DMA9Interrupt)?ABSOLUTE (__DMA9Interrupt):ABSOLUTE (__DefaultInterrupt)
                  0x000104          0x4 LONG 0x2d0 DEFINED (__DMA10Interrupt)?ABSOLUTE (__DMA10Interrupt):ABSOLUTE (__DefaultInterrupt)
                  0x000106          0x4 LONG 0x2d0 DEFINED (__DMA11Interrupt)?ABSOLUTE (__DMA11Interrupt):ABSOLUTE (__DefaultInterrupt)
                  0x000108          0x4 LONG 0x2d0 DEFINED (__SPI4ErrInterrupt)?ABSOLUTE (__SPI4ErrInterrupt):ABSOLUTE (__DefaultInterrupt)
                  0x00010a          0x4 LONG 0x2d0 DEFINED (__SPI4Interrupt)?ABSOLUTE (__SPI4Interrupt):ABSOLUTE (__DefaultInterrupt)
                  0x00010c          0x4 LONG 0x2d0 DEFINED (__OC10Interrupt)?ABSOLUTE (__OC10Interrupt):ABSOLUTE (__DefaultInterrupt)
                  0x00010e          0x4 LONG 0x2d0 DEFINED (__IC10Interrupt)?ABSOLUTE (__IC10Interrupt):ABSOLUTE (__DefaultInterrupt)
                  0x000110          0x4 LONG 0x2d0 DEFINED (__OC11Interrupt)?ABSOLUTE (__OC11Interrupt):ABSOLUTE (__DefaultInterrupt)
                  0x000112          0x4 LONG 0x2d0 DEFINED (__IC11Interrupt)?ABSOLUTE (__IC11Interrupt):ABSOLUTE (__DefaultInterrupt)
                  0x000114          0x4 LONG 0x2d0 DEFINED (__OC12Interrupt)?ABSOLUTE (__OC12Interrupt):ABSOLUTE (__DefaultInterrupt)
                  0x000116          0x4 LONG 0x2d0 DEFINED (__IC12Interrupt)?ABSOLUTE (__IC12Interrupt):ABSOLUTE (__DefaultInterrupt)
                  0x000118          0x4 LONG 0x2d0 DEFINED (__DMA12Interrupt)?ABSOLUTE (__DMA12Interrupt):ABSOLUTE (__DefaultInterrupt)
                  0x00011a          0x4 LONG 0x2d0 DEFINED (__DMA13Interrupt)?ABSOLUTE (__DMA13Interrupt):ABSOLUTE (__DefaultInterrupt)
                  0x00011c          0x4 LONG 0x2d0 DEFINED (__DMA14Interrupt)?ABSOLUTE (__DMA14Interrupt):ABSOLUTE (__DefaultInterrupt)
                  0x00011e          0x4 LONG 0x2d0 DEFINED (__Interrupt133)?ABSOLUTE (__Interrupt133):ABSOLUTE (__DefaultInterrupt)
                  0x000120          0x4 LONG 0x2d0 DEFINED (__OC13Interrupt)?ABSOLUTE (__OC13Interrupt):ABSOLUTE (__DefaultInterrupt)
                  0x000122          0x4 LONG 0x2d0 DEFINED (__IC13Interrupt)?ABSOLUTE (__IC13Interrupt):ABSOLUTE (__DefaultInterrupt)
                  0x000124          0x4 LONG 0x2d0 DEFINED (__OC14Interrupt)?ABSOLUTE (__OC14Interrupt):ABSOLUTE (__DefaultInterrupt)
                  0x000126          0x4 LONG 0x2d0 DEFINED (__IC14Interrupt)?ABSOLUTE (__IC14Interrupt):ABSOLUTE (__DefaultInterrupt)
                  0x000128          0x4 LONG 0x2d0 DEFINED (__OC15Interrupt)?ABSOLUTE (__OC15Interrupt):ABSOLUTE (__DefaultInterrupt)
                  0x00012a          0x4 LONG 0x2d0 DEFINED (__IC15Interrupt)?ABSOLUTE (__IC15Interrupt):ABSOLUTE (__DefaultInterrupt)
                  0x00012c          0x4 LONG 0x2d0 DEFINED (__OC16Interrupt)?ABSOLUTE (__OC16Interrupt):ABSOLUTE (__DefaultInterrupt)
                  0x00012e          0x4 LONG 0x2d0 DEFINED (__IC16Interrupt)?ABSOLUTE (__IC16Interrupt):ABSOLUTE (__DefaultInterrupt)
                  0x000130          0x4 LONG 0x2d0 DEFINED (__ICDInterrupt)?ABSOLUTE (__ICDInterrupt):ABSOLUTE (__DefaultInterrupt)
                  0x000132          0x4 LONG 0x2d0 DEFINED (__JTAGInterrupt)?ABSOLUTE (__JTAGInterrupt):ABSOLUTE (__DefaultInterrupt)
                    0x0000                  WREG0 = 0x0
                    0x0000                  _WREG0 = 0x0
                    0x0002                  WREG1 = 0x2
                    0x0002                  _WREG1 = 0x2
                    0x0004                  WREG2 = 0x4
                    0x0004                  _WREG2 = 0x4
                    0x0006                  WREG3 = 0x6
                    0x0006                  _WREG3 = 0x6
                    0x0008                  WREG4 = 0x8
                    0x0008                  _WREG4 = 0x8
                    0x000a                  WREG5 = 0xa
                    0x000a                  _WREG5 = 0xa
                    0x000c                  WREG6 = 0xc
                    0x000c                  _WREG6 = 0xc
                    0x000e                  WREG7 = 0xe
                    0x000e                  _WREG7 = 0xe
                    0x0010                  WREG8 = 0x10
                    0x0010                  _WREG8 = 0x10
                    0x0012                  WREG9 = 0x12
                    0x0012                  _WREG9 = 0x12
                    0x0014                  WREG10 = 0x14
                    0x0014                  _WREG10 = 0x14
                    0x0016                  WREG11 = 0x16
                    0x0016                  _WREG11 = 0x16
                    0x0018                  WREG12 = 0x18
                    0x0018                  _WREG12 = 0x18
                    0x001a                  WREG13 = 0x1a
                    0x001a                  _WREG13 = 0x1a
                    0x001c                  WREG14 = 0x1c
                    0x001c                  _WREG14 = 0x1c
                    0x001e                  WREG15 = 0x1e
                    0x001e                  _WREG15 = 0x1e
                    0x0020                  SPLIM = 0x20
                    0x0020                  _SPLIM = 0x20
                    0x0022                  ACCAL = 0x22
                    0x0022                  _ACCAL = 0x22
                    0x0024                  ACCAH = 0x24
                    0x0024                  _ACCAH = 0x24
                    0x0026                  ACCAU = 0x26
                    0x0026                  _ACCAU = 0x26
                    0x0028                  ACCBL = 0x28
                    0x0028                  _ACCBL = 0x28
                    0x002a                  ACCBH = 0x2a
                    0x002a                  _ACCBH = 0x2a
                    0x002c                  ACCBU = 0x2c
                    0x002c                  _ACCBU = 0x2c
                    0x002e                  PCL = 0x2e
                    0x002e                  _PCL = 0x2e
                    0x0030                  PCH = 0x30
                    0x0030                  _PCH = 0x30
                    0x0032                  DSRPAG = 0x32
                    0x0032                  _DSRPAG = 0x32
                    0x0032                  _DSRPAGbits = 0x32
                    0x0034                  DSWPAG = 0x34
                    0x0034                  _DSWPAG = 0x34
                    0x0034                  _DSWPAGbits = 0x34
                    0x0036                  RCOUNT = 0x36
                    0x0036                  _RCOUNT = 0x36
                    0x0038                  DCOUNT = 0x38
                    0x0038                  _DCOUNT = 0x38
                    0x003a                  DOSTARTL = 0x3a
                    0x003a                  _DOSTARTL = 0x3a
                    0x003c                  DOSTARTH = 0x3c
                    0x003c                  _DOSTARTH = 0x3c
                    0x003e                  DOENDL = 0x3e
                    0x003e                  _DOENDL = 0x3e
                    0x0040                  DOENDH = 0x40
                    0x0040                  _DOENDH = 0x40
                    0x0042                  SR = 0x42
                    0x0042                  _SR = 0x42
                    0x0042                  _SRbits = 0x42
                    0x0044                  CORCON = 0x44
                    0x0044                  _CORCON = 0x44
                    0x0044                  _CORCONbits = 0x44
                    0x0046                  MODCON = 0x46
                    0x0046                  _MODCON = 0x46
                    0x0046                  _MODCONbits = 0x46
                    0x0048                  XMODSRT = 0x48
                    0x0048                  _XMODSRT = 0x48
                    0x004a                  XMODEND = 0x4a
                    0x004a                  _XMODEND = 0x4a
                    0x004c                  YMODSRT = 0x4c
                    0x004c                  _YMODSRT = 0x4c
                    0x004e                  YMODEND = 0x4e
                    0x004e                  _YMODEND = 0x4e
                    0x0050                  XBREV = 0x50
                    0x0050                  _XBREV = 0x50
                    0x0050                  _XBREVbits = 0x50
                    0x0052                  DISICNT = 0x52
                    0x0052                  _DISICNT = 0x52
                    0x0054                  TBLPAG = 0x54
                    0x0054                  _TBLPAG = 0x54
                    0x0054                  _TBLPAGbits = 0x54
                    0x0058                  MSTRPR = 0x58
                    0x0058                  _MSTRPR = 0x58
                    0x0100                  TMR1 = 0x100
                    0x0100                  _TMR1 = 0x100
                    0x0102                  PR1 = 0x102
                    0x0102                  _PR1 = 0x102
                    0x0104                  T1CON = 0x104
                    0x0104                  _T1CON = 0x104
                    0x0104                  _T1CONbits = 0x104
                    0x0106                  TMR2 = 0x106
                    0x0106                  _TMR2 = 0x106
                    0x0108                  TMR3HLD = 0x108
                    0x0108                  _TMR3HLD = 0x108
                    0x010a                  TMR3 = 0x10a
                    0x010a                  _TMR3 = 0x10a
                    0x010c                  PR2 = 0x10c
                    0x010c                  _PR2 = 0x10c
                    0x010e                  PR3 = 0x10e
                    0x010e                  _PR3 = 0x10e
                    0x0110                  T2CON = 0x110
                    0x0110                  _T2CON = 0x110
                    0x0110                  _T2CONbits = 0x110
                    0x0112                  T3CON = 0x112
                    0x0112                  _T3CON = 0x112
                    0x0112                  _T3CONbits = 0x112
                    0x0114                  TMR4 = 0x114
                    0x0114                  _TMR4 = 0x114
                    0x0116                  TMR5HLD = 0x116
                    0x0116                  _TMR5HLD = 0x116
                    0x0118                  TMR5 = 0x118
                    0x0118                  _TMR5 = 0x118
                    0x011a                  PR4 = 0x11a
                    0x011a                  _PR4 = 0x11a
                    0x011c                  PR5 = 0x11c
                    0x011c                  _PR5 = 0x11c
                    0x011e                  T4CON = 0x11e
                    0x011e                  _T4CON = 0x11e
                    0x011e                  _T4CONbits = 0x11e
                    0x0120                  T5CON = 0x120
                    0x0120                  _T5CON = 0x120
                    0x0120                  _T5CONbits = 0x120
                    0x0122                  TMR6 = 0x122
                    0x0122                  _TMR6 = 0x122
                    0x0124                  TMR7HLD = 0x124
                    0x0124                  _TMR7HLD = 0x124
                    0x0126                  TMR7 = 0x126
                    0x0126                  _TMR7 = 0x126
                    0x0128                  PR6 = 0x128
                    0x0128                  _PR6 = 0x128
                    0x012a                  PR7 = 0x12a
                    0x012a                  _PR7 = 0x12a
                    0x012c                  T6CON = 0x12c
                    0x012c                  _T6CON = 0x12c
                    0x012c                  _T6CONbits = 0x12c
                    0x012e                  T7CON = 0x12e
                    0x012e                  _T7CON = 0x12e
                    0x012e                  _T7CONbits = 0x12e
                    0x0130                  TMR8 = 0x130
                    0x0130                  _TMR8 = 0x130
                    0x0132                  TMR9HLD = 0x132
                    0x0132                  _TMR9HLD = 0x132
                    0x0134                  TMR9 = 0x134
                    0x0134                  _TMR9 = 0x134
                    0x0136                  PR8 = 0x136
                    0x0136                  _PR8 = 0x136
                    0x0138                  PR9 = 0x138
                    0x0138                  _PR9 = 0x138
                    0x013a                  T8CON = 0x13a
                    0x013a                  _T8CON = 0x13a
                    0x013a                  _T8CONbits = 0x13a
                    0x013c                  T9CON = 0x13c
                    0x013c                  _T9CON = 0x13c
                    0x013c                  _T9CONbits = 0x13c
                    0x0140                  IC1CON1 = 0x140
                    0x0140                  _IC1CON1 = 0x140
                    0x0140                  _IC1CON1bits = 0x140
                    0x0142                  IC1CON2 = 0x142
                    0x0142                  _IC1CON2 = 0x142
                    0x0142                  _IC1CON2bits = 0x142
                    0x0144                  IC1BUF = 0x144
                    0x0144                  _IC1BUF = 0x144
                    0x0146                  IC1TMR = 0x146
                    0x0146                  _IC1TMR = 0x146
                    0x0148                  IC2CON1 = 0x148
                    0x0148                  _IC2CON1 = 0x148
                    0x0148                  _IC2CON1bits = 0x148
                    0x014a                  IC2CON2 = 0x14a
                    0x014a                  _IC2CON2 = 0x14a
                    0x014a                  _IC2CON2bits = 0x14a
                    0x014c                  IC2BUF = 0x14c
                    0x014c                  _IC2BUF = 0x14c
                    0x014e                  IC2TMR = 0x14e
                    0x014e                  _IC2TMR = 0x14e
                    0x0150                  IC3CON1 = 0x150
                    0x0150                  _IC3CON1 = 0x150
                    0x0150                  _IC3CON1bits = 0x150
                    0x0152                  IC3CON2 = 0x152
                    0x0152                  _IC3CON2 = 0x152
                    0x0152                  _IC3CON2bits = 0x152
                    0x0154                  IC3BUF = 0x154
                    0x0154                  _IC3BUF = 0x154
                    0x0156                  IC3TMR = 0x156
                    0x0156                  _IC3TMR = 0x156
                    0x0158                  IC4CON1 = 0x158
                    0x0158                  _IC4CON1 = 0x158
                    0x0158                  _IC4CON1bits = 0x158
                    0x015a                  IC4CON2 = 0x15a
                    0x015a                  _IC4CON2 = 0x15a
                    0x015a                  _IC4CON2bits = 0x15a
                    0x015c                  IC4BUF = 0x15c
                    0x015c                  _IC4BUF = 0x15c
                    0x015e                  IC4TMR = 0x15e
                    0x015e                  _IC4TMR = 0x15e
                    0x0160                  IC5CON1 = 0x160
                    0x0160                  _IC5CON1 = 0x160
                    0x0160                  _IC5CON1bits = 0x160
                    0x0162                  IC5CON2 = 0x162
                    0x0162                  _IC5CON2 = 0x162
                    0x0162                  _IC5CON2bits = 0x162
                    0x0164                  IC5BUF = 0x164
                    0x0164                  _IC5BUF = 0x164
                    0x0166                  IC5TMR = 0x166
                    0x0166                  _IC5TMR = 0x166
                    0x0168                  IC6CON1 = 0x168
                    0x0168                  _IC6CON1 = 0x168
                    0x0168                  _IC6CON1bits = 0x168
                    0x016a                  IC6CON2 = 0x16a
                    0x016a                  _IC6CON2 = 0x16a
                    0x016a                  _IC6CON2bits = 0x16a
                    0x016c                  IC6BUF = 0x16c
                    0x016c                  _IC6BUF = 0x16c
                    0x016e                  IC6TMR = 0x16e
                    0x016e                  _IC6TMR = 0x16e
                    0x0170                  IC7CON1 = 0x170
                    0x0170                  _IC7CON1 = 0x170
                    0x0170                  _IC7CON1bits = 0x170
                    0x0172                  IC7CON2 = 0x172
                    0x0172                  _IC7CON2 = 0x172
                    0x0172                  _IC7CON2bits = 0x172
                    0x0174                  IC7BUF = 0x174
                    0x0174                  _IC7BUF = 0x174
                    0x0176                  IC7TMR = 0x176
                    0x0176                  _IC7TMR = 0x176
                    0x0178                  IC8CON1 = 0x178
                    0x0178                  _IC8CON1 = 0x178
                    0x0178                  _IC8CON1bits = 0x178
                    0x017a                  IC8CON2 = 0x17a
                    0x017a                  _IC8CON2 = 0x17a
                    0x017a                  _IC8CON2bits = 0x17a
                    0x017c                  IC8BUF = 0x17c
                    0x017c                  _IC8BUF = 0x17c
                    0x017e                  IC8TMR = 0x17e
                    0x017e                  _IC8TMR = 0x17e
                    0x0180                  IC9CON1 = 0x180
                    0x0180                  _IC9CON1 = 0x180
                    0x0180                  _IC9CON1bits = 0x180
                    0x0182                  IC9CON2 = 0x182
                    0x0182                  _IC9CON2 = 0x182
                    0x0182                  _IC9CON2bits = 0x182
                    0x0184                  IC9BUF = 0x184
                    0x0184                  _IC9BUF = 0x184
                    0x0186                  IC9TMR = 0x186
                    0x0186                  _IC9TMR = 0x186
                    0x0188                  IC10CON1 = 0x188
                    0x0188                  _IC10CON1 = 0x188
                    0x0188                  _IC10CON1bits = 0x188
                    0x018a                  IC10CON2 = 0x18a
                    0x018a                  _IC10CON2 = 0x18a
                    0x018a                  _IC10CON2bits = 0x18a
                    0x018c                  IC10BUF = 0x18c
                    0x018c                  _IC10BUF = 0x18c
                    0x018e                  IC10TMR = 0x18e
                    0x018e                  _IC10TMR = 0x18e
                    0x0190                  IC11CON1 = 0x190
                    0x0190                  _IC11CON1 = 0x190
                    0x0190                  _IC11CON1bits = 0x190
                    0x0192                  IC11CON2 = 0x192
                    0x0192                  _IC11CON2 = 0x192
                    0x0192                  _IC11CON2bits = 0x192
                    0x0194                  IC11BUF = 0x194
                    0x0194                  _IC11BUF = 0x194
                    0x0196                  IC11TMR = 0x196
                    0x0196                  _IC11TMR = 0x196
                    0x0198                  IC12CON1 = 0x198
                    0x0198                  _IC12CON1 = 0x198
                    0x0198                  _IC12CON1bits = 0x198
                    0x019a                  IC12CON2 = 0x19a
                    0x019a                  _IC12CON2 = 0x19a
                    0x019a                  _IC12CON2bits = 0x19a
                    0x019c                  IC12BUF = 0x19c
                    0x019c                  _IC12BUF = 0x19c
                    0x019e                  IC12TMR = 0x19e
                    0x019e                  _IC12TMR = 0x19e
                    0x01a0                  IC13CON1 = 0x1a0
                    0x01a0                  _IC13CON1 = 0x1a0
                    0x01a0                  _IC13CON1bits = 0x1a0
                    0x01a2                  IC13CON2 = 0x1a2
                    0x01a2                  _IC13CON2 = 0x1a2
                    0x01a2                  _IC13CON2bits = 0x1a2
                    0x01a4                  IC13BUF = 0x1a4
                    0x01a4                  _IC13BUF = 0x1a4
                    0x01a6                  IC13TMR = 0x1a6
                    0x01a6                  _IC13TMR = 0x1a6
                    0x01a8                  IC14CON1 = 0x1a8
                    0x01a8                  _IC14CON1 = 0x1a8
                    0x01a8                  _IC14CON1bits = 0x1a8
                    0x01aa                  IC14CON2 = 0x1aa
                    0x01aa                  _IC14CON2 = 0x1aa
                    0x01aa                  _IC14CON2bits = 0x1aa
                    0x01ac                  IC14BUF = 0x1ac
                    0x01ac                  _IC14BUF = 0x1ac
                    0x01ae                  IC14TMR = 0x1ae
                    0x01ae                  _IC14TMR = 0x1ae
                    0x01b0                  IC15CON1 = 0x1b0
                    0x01b0                  _IC15CON1 = 0x1b0
                    0x01b0                  _IC15CON1bits = 0x1b0
                    0x01b2                  IC15CON2 = 0x1b2
                    0x01b2                  _IC15CON2 = 0x1b2
                    0x01b2                  _IC15CON2bits = 0x1b2
                    0x01b4                  IC15BUF = 0x1b4
                    0x01b4                  _IC15BUF = 0x1b4
                    0x01b6                  IC15TMR = 0x1b6
                    0x01b6                  _IC15TMR = 0x1b6
                    0x01b8                  IC16CON1 = 0x1b8
                    0x01b8                  _IC16CON1 = 0x1b8
                    0x01b8                  _IC16CON1bits = 0x1b8
                    0x01ba                  IC16CON2 = 0x1ba
                    0x01ba                  _IC16CON2 = 0x1ba
                    0x01ba                  _IC16CON2bits = 0x1ba
                    0x01bc                  IC16BUF = 0x1bc
                    0x01bc                  _IC16BUF = 0x1bc
                    0x01be                  IC16TMR = 0x1be
                    0x01be                  _IC16TMR = 0x1be
                    0x01c0                  QEI1CON = 0x1c0
                    0x01c0                  _QEI1CON = 0x1c0
                    0x01c0                  _QEI1CONbits = 0x1c0
                    0x01c2                  QEI1IOC = 0x1c2
                    0x01c2                  _QEI1IOC = 0x1c2
                    0x01c2                  _QEI1IOCbits = 0x1c2
                    0x01c4                  QEI1STAT = 0x1c4
                    0x01c4                  _QEI1STAT = 0x1c4
                    0x01c4                  _QEI1STATbits = 0x1c4
                    0x01c6                  POS1CNTL = 0x1c6
                    0x01c6                  _POS1CNTL = 0x1c6
                    0x01c8                  POS1CNTH = 0x1c8
                    0x01c8                  _POS1CNTH = 0x1c8
                    0x01ca                  POS1HLD = 0x1ca
                    0x01ca                  _POS1HLD = 0x1ca
                    0x01cc                  VEL1CNT = 0x1cc
                    0x01cc                  _VEL1CNT = 0x1cc
                    0x01ce                  INT1TMRL = 0x1ce
                    0x01ce                  _INT1TMRL = 0x1ce
                    0x01d0                  INT1TMRH = 0x1d0
                    0x01d0                  _INT1TMRH = 0x1d0
                    0x01d2                  INT1HLDL = 0x1d2
                    0x01d2                  _INT1HLDL = 0x1d2
                    0x01d4                  INT1HLDH = 0x1d4
                    0x01d4                  _INT1HLDH = 0x1d4
                    0x01d6                  INDX1CNTL = 0x1d6
                    0x01d6                  _INDX1CNTL = 0x1d6
                    0x01d8                  INDX1CNTH = 0x1d8
                    0x01d8                  _INDX1CNTH = 0x1d8
                    0x01da                  INDX1HLD = 0x1da
                    0x01da                  _INDX1HLD = 0x1da
                    0x01dc                  QEI1GECL = 0x1dc
                    0x01dc                  _QEI1GECL = 0x1dc
                    0x01dc                  QEI1ICL = 0x1dc
                    0x01dc                  _QEI1ICL = 0x1dc
                    0x01de                  QEI1GECH = 0x1de
                    0x01de                  _QEI1GECH = 0x1de
                    0x01de                  QEI1ICH = 0x1de
                    0x01de                  _QEI1ICH = 0x1de
                    0x01e0                  QEI1LECL = 0x1e0
                    0x01e0                  _QEI1LECL = 0x1e0
                    0x01e2                  QEI1LECH = 0x1e2
                    0x01e2                  _QEI1LECH = 0x1e2
                    0x0200                  I2C1RCV = 0x200
                    0x0200                  _I2C1RCV = 0x200
                    0x0202                  I2C1TRN = 0x202
                    0x0202                  _I2C1TRN = 0x202
                    0x0204                  I2C1BRG = 0x204
                    0x0204                  _I2C1BRG = 0x204
                    0x0206                  I2C1CON = 0x206
                    0x0206                  _I2C1CON = 0x206
                    0x0206                  _I2C1CONbits = 0x206
                    0x0208                  I2C1STAT = 0x208
                    0x0208                  _I2C1STAT = 0x208
                    0x0208                  _I2C1STATbits = 0x208
                    0x020a                  I2C1ADD = 0x20a
                    0x020a                  _I2C1ADD = 0x20a
                    0x020c                  I2C1MSK = 0x20c
                    0x020c                  _I2C1MSK = 0x20c
                    0x0210                  I2C2RCV = 0x210
                    0x0210                  _I2C2RCV = 0x210
                    0x0212                  I2C2TRN = 0x212
                    0x0212                  _I2C2TRN = 0x212
                    0x0214                  I2C2BRG = 0x214
                    0x0214                  _I2C2BRG = 0x214
                    0x0216                  I2C2CON = 0x216
                    0x0216                  _I2C2CON = 0x216
                    0x0216                  _I2C2CONbits = 0x216
                    0x0218                  I2C2STAT = 0x218
                    0x0218                  _I2C2STAT = 0x218
                    0x0218                  _I2C2STATbits = 0x218
                    0x021a                  I2C2ADD = 0x21a
                    0x021a                  _I2C2ADD = 0x21a
                    0x021c                  I2C2MSK = 0x21c
                    0x021c                  _I2C2MSK = 0x21c
                    0x0220                  U1MODE = 0x220
                    0x0220                  _U1MODE = 0x220
                    0x0220                  _U1MODEbits = 0x220
                    0x0222                  U1STA = 0x222
                    0x0222                  _U1STA = 0x222
                    0x0222                  _U1STAbits = 0x222
                    0x0224                  U1TXREG = 0x224
                    0x0224                  _U1TXREG = 0x224
                    0x0226                  U1RXREG = 0x226
                    0x0226                  _U1RXREG = 0x226
                    0x0228                  U1BRG = 0x228
                    0x0228                  _U1BRG = 0x228
                    0x0230                  U2MODE = 0x230
                    0x0230                  _U2MODE = 0x230
                    0x0230                  _U2MODEbits = 0x230
                    0x0232                  U2STA = 0x232
                    0x0232                  _U2STA = 0x232
                    0x0232                  _U2STAbits = 0x232
                    0x0234                  U2TXREG = 0x234
                    0x0234                  _U2TXREG = 0x234
                    0x0236                  U2RXREG = 0x236
                    0x0236                  _U2RXREG = 0x236
                    0x0238                  U2BRG = 0x238
                    0x0238                  _U2BRG = 0x238
                    0x0240                  SPI1STAT = 0x240
                    0x0240                  _SPI1STAT = 0x240
                    0x0240                  _SPI1STATbits = 0x240
                    0x0242                  SPI1CON1 = 0x242
                    0x0242                  _SPI1CON1 = 0x242
                    0x0242                  _SPI1CON1bits = 0x242
                    0x0244                  SPI1CON2 = 0x244
                    0x0244                  _SPI1CON2 = 0x244
                    0x0244                  _SPI1CON2bits = 0x244
                    0x0248                  SPI1BUF = 0x248
                    0x0248                  _SPI1BUF = 0x248
                    0x0250                  U3MODE = 0x250
                    0x0250                  _U3MODE = 0x250
                    0x0250                  _U3MODEbits = 0x250
                    0x0252                  U3STA = 0x252
                    0x0252                  _U3STA = 0x252
                    0x0252                  _U3STAbits = 0x252
                    0x0254                  U3TXREG = 0x254
                    0x0254                  _U3TXREG = 0x254
                    0x0256                  U3RXREG = 0x256
                    0x0256                  _U3RXREG = 0x256
                    0x0258                  U3BRG = 0x258
                    0x0258                  _U3BRG = 0x258
                    0x0260                  SPI2STAT = 0x260
                    0x0260                  _SPI2STAT = 0x260
                    0x0260                  _SPI2STATbits = 0x260
                    0x0262                  SPI2CON1 = 0x262
                    0x0262                  _SPI2CON1 = 0x262
                    0x0262                  _SPI2CON1bits = 0x262
                    0x0264                  SPI2CON2 = 0x264
                    0x0264                  _SPI2CON2 = 0x264
                    0x0264                  _SPI2CON2bits = 0x264
                    0x0268                  SPI2BUF = 0x268
                    0x0268                  _SPI2BUF = 0x268
                    0x0280                  DCICON1 = 0x280
                    0x0280                  _DCICON1 = 0x280
                    0x0280                  _DCICON1bits = 0x280
                    0x0282                  DCICON2 = 0x282
                    0x0282                  _DCICON2 = 0x282
                    0x0282                  _DCICON2bits = 0x282
                    0x0284                  DCICON3 = 0x284
                    0x0284                  _DCICON3 = 0x284
                    0x0284                  _DCICON3bits = 0x284
                    0x0286                  DCISTAT = 0x286
                    0x0286                  _DCISTAT = 0x286
                    0x0286                  _DCISTATbits = 0x286
                    0x0288                  TSCON = 0x288
                    0x0288                  _TSCON = 0x288
                    0x0288                  _TSCONbits = 0x288
                    0x028c                  RSCON = 0x28c
                    0x028c                  _RSCON = 0x28c
                    0x028c                  _RSCONbits = 0x28c
                    0x0290                  RXBUF0 = 0x290
                    0x0290                  _RXBUF0 = 0x290
                    0x0292                  RXBUF1 = 0x292
                    0x0292                  _RXBUF1 = 0x292
                    0x0294                  RXBUF2 = 0x294
                    0x0294                  _RXBUF2 = 0x294
                    0x0296                  RXBUF3 = 0x296
                    0x0296                  _RXBUF3 = 0x296
                    0x0298                  TXBUF0 = 0x298
                    0x0298                  _TXBUF0 = 0x298
                    0x029a                  TXBUF1 = 0x29a
                    0x029a                  _TXBUF1 = 0x29a
                    0x029c                  TXBUF2 = 0x29c
                    0x029c                  _TXBUF2 = 0x29c
                    0x029e                  TXBUF3 = 0x29e
                    0x029e                  _TXBUF3 = 0x29e
                    0x02a0                  SPI3STAT = 0x2a0
                    0x02a0                  _SPI3STAT = 0x2a0
                    0x02a0                  _SPI3STATbits = 0x2a0
                    0x02a2                  SPI3CON1 = 0x2a2
                    0x02a2                  _SPI3CON1 = 0x2a2
                    0x02a2                  _SPI3CON1bits = 0x2a2
                    0x02a4                  SPI3CON2 = 0x2a4
                    0x02a4                  _SPI3CON2 = 0x2a4
                    0x02a4                  _SPI3CON2bits = 0x2a4
                    0x02a8                  SPI3BUF = 0x2a8
                    0x02a8                  _SPI3BUF = 0x2a8
                    0x02b0                  U4MODE = 0x2b0
                    0x02b0                  _U4MODE = 0x2b0
                    0x02b0                  _U4MODEbits = 0x2b0
                    0x02b2                  U4STA = 0x2b2
                    0x02b2                  _U4STA = 0x2b2
                    0x02b2                  _U4STAbits = 0x2b2
                    0x02b4                  U4TXREG = 0x2b4
                    0x02b4                  _U4TXREG = 0x2b4
                    0x02b6                  U4RXREG = 0x2b6
                    0x02b6                  _U4RXREG = 0x2b6
                    0x02b8                  U4BRG = 0x2b8
                    0x02b8                  _U4BRG = 0x2b8
                    0x02c0                  SPI4STAT = 0x2c0
                    0x02c0                  _SPI4STAT = 0x2c0
                    0x02c0                  _SPI4STATbits = 0x2c0
                    0x02c2                  SPI4CON1 = 0x2c2
                    0x02c2                  _SPI4CON1 = 0x2c2
                    0x02c2                  _SPI4CON1bits = 0x2c2
                    0x02c4                  SPI4CON2 = 0x2c4
                    0x02c4                  _SPI4CON2 = 0x2c4
                    0x02c4                  _SPI4CON2bits = 0x2c4
                    0x02c8                  SPI4BUF = 0x2c8
                    0x02c8                  _SPI4BUF = 0x2c8
                    0x0300                  ADC1BUF0 = 0x300
                    0x0300                  _ADC1BUF0 = 0x300
                    0x0302                  ADC1BUF1 = 0x302
                    0x0302                  _ADC1BUF1 = 0x302
                    0x0304                  ADC1BUF2 = 0x304
                    0x0304                  _ADC1BUF2 = 0x304
                    0x0306                  ADC1BUF3 = 0x306
                    0x0306                  _ADC1BUF3 = 0x306
                    0x0308                  ADC1BUF4 = 0x308
                    0x0308                  _ADC1BUF4 = 0x308
                    0x030a                  ADC1BUF5 = 0x30a
                    0x030a                  _ADC1BUF5 = 0x30a
                    0x030c                  ADC1BUF6 = 0x30c
                    0x030c                  _ADC1BUF6 = 0x30c
                    0x030e                  ADC1BUF7 = 0x30e
                    0x030e                  _ADC1BUF7 = 0x30e
                    0x0310                  ADC1BUF8 = 0x310
                    0x0310                  _ADC1BUF8 = 0x310
                    0x0312                  ADC1BUF9 = 0x312
                    0x0312                  _ADC1BUF9 = 0x312
                    0x0314                  ADC1BUFA = 0x314
                    0x0314                  _ADC1BUFA = 0x314
                    0x0316                  ADC1BUFB = 0x316
                    0x0316                  _ADC1BUFB = 0x316
                    0x0318                  ADC1BUFC = 0x318
                    0x0318                  _ADC1BUFC = 0x318
                    0x031a                  ADC1BUFD = 0x31a
                    0x031a                  _ADC1BUFD = 0x31a
                    0x031c                  ADC1BUFE = 0x31c
                    0x031c                  _ADC1BUFE = 0x31c
                    0x031e                  ADC1BUFF = 0x31e
                    0x031e                  _ADC1BUFF = 0x31e
                    0x0320                  AD1CON1 = 0x320
                    0x0320                  _AD1CON1 = 0x320
                    0x0320                  _AD1CON1bits = 0x320
                    0x0322                  AD1CON2 = 0x322
                    0x0322                  _AD1CON2 = 0x322
                    0x0322                  _AD1CON2bits = 0x322
                    0x0324                  AD1CON3 = 0x324
                    0x0324                  _AD1CON3 = 0x324
                    0x0324                  _AD1CON3bits = 0x324
                    0x0326                  AD1CHS123 = 0x326
                    0x0326                  _AD1CHS123 = 0x326
                    0x0326                  _AD1CHS123bits = 0x326
                    0x0328                  AD1CHS0 = 0x328
                    0x0328                  _AD1CHS0 = 0x328
                    0x0328                  _AD1CHS0bits = 0x328
                    0x032e                  AD1CSSH = 0x32e
                    0x032e                  _AD1CSSH = 0x32e
                    0x032e                  _AD1CSSHbits = 0x32e
                    0x0330                  AD1CSSL = 0x330
                    0x0330                  _AD1CSSL = 0x330
                    0x0330                  _AD1CSSLbits = 0x330
                    0x0332                  AD1CON4 = 0x332
                    0x0332                  _AD1CON4 = 0x332
                    0x0332                  _AD1CON4bits = 0x332
                    0x0340                  ADC2BUF0 = 0x340
                    0x0340                  _ADC2BUF0 = 0x340
                    0x0342                  ADC2BUF1 = 0x342
                    0x0342                  _ADC2BUF1 = 0x342
                    0x0344                  ADC2BUF2 = 0x344
                    0x0344                  _ADC2BUF2 = 0x344
                    0x0346                  ADC2BUF3 = 0x346
                    0x0346                  _ADC2BUF3 = 0x346
                    0x0348                  ADC2BUF4 = 0x348
                    0x0348                  _ADC2BUF4 = 0x348
                    0x034a                  ADC2BUF5 = 0x34a
                    0x034a                  _ADC2BUF5 = 0x34a
                    0x034c                  ADC2BUF6 = 0x34c
                    0x034c                  _ADC2BUF6 = 0x34c
                    0x034e                  ADC2BUF7 = 0x34e
                    0x034e                  _ADC2BUF7 = 0x34e
                    0x0350                  ADC2BUF8 = 0x350
                    0x0350                  _ADC2BUF8 = 0x350
                    0x0352                  ADC2BUF9 = 0x352
                    0x0352                  _ADC2BUF9 = 0x352
                    0x0354                  ADC2BUFA = 0x354
                    0x0354                  _ADC2BUFA = 0x354
                    0x0356                  ADC2BUFB = 0x356
                    0x0356                  _ADC2BUFB = 0x356
                    0x0358                  ADC2BUFC = 0x358
                    0x0358                  _ADC2BUFC = 0x358
                    0x035a                  ADC2BUFD = 0x35a
                    0x035a                  _ADC2BUFD = 0x35a
                    0x035c                  ADC2BUFE = 0x35c
                    0x035c                  _ADC2BUFE = 0x35c
                    0x035e                  ADC2BUFF = 0x35e
                    0x035e                  _ADC2BUFF = 0x35e
                    0x0360                  AD2CON1 = 0x360
                    0x0360                  _AD2CON1 = 0x360
                    0x0360                  _AD2CON1bits = 0x360
                    0x0362                  AD2CON2 = 0x362
                    0x0362                  _AD2CON2 = 0x362
                    0x0362                  _AD2CON2bits = 0x362
                    0x0364                  AD2CON3 = 0x364
                    0x0364                  _AD2CON3 = 0x364
                    0x0364                  _AD2CON3bits = 0x364
                    0x0366                  AD2CHS123 = 0x366
                    0x0366                  _AD2CHS123 = 0x366
                    0x0366                  _AD2CHS123bits = 0x366
                    0x0368                  AD2CHS0 = 0x368
                    0x0368                  _AD2CHS0 = 0x368
                    0x0368                  _AD2CHS0bits = 0x368
                    0x0370                  AD2CSSL = 0x370
                    0x0370                  _AD2CSSL = 0x370
                    0x0370                  _AD2CSSLbits = 0x370
                    0x0372                  AD2CON4 = 0x372
                    0x0372                  _AD2CON4 = 0x372
                    0x0372                  _AD2CON4bits = 0x372
                    0x0400                  C1CTRL1 = 0x400
                    0x0400                  _C1CTRL1 = 0x400
                    0x0400                  _C1CTRL1bits = 0x400
                    0x0402                  C1CTRL2 = 0x402
                    0x0402                  _C1CTRL2 = 0x402
                    0x0402                  _C1CTRL2bits = 0x402
                    0x0404                  C1VEC = 0x404
                    0x0404                  _C1VEC = 0x404
                    0x0404                  _C1VECbits = 0x404
                    0x0406                  C1FCTRL = 0x406
                    0x0406                  _C1FCTRL = 0x406
                    0x0406                  _C1FCTRLbits = 0x406
                    0x0408                  C1FIFO = 0x408
                    0x0408                  _C1FIFO = 0x408
                    0x0408                  _C1FIFObits = 0x408
                    0x040a                  C1INTF = 0x40a
                    0x040a                  _C1INTF = 0x40a
                    0x040a                  _C1INTFbits = 0x40a
                    0x040c                  C1INTE = 0x40c
                    0x040c                  _C1INTE = 0x40c
                    0x040c                  _C1INTEbits = 0x40c
                    0x040e                  C1EC = 0x40e
                    0x040e                  _C1EC = 0x40e
                    0x040e                  _C1ECbits = 0x40e
                    0x040e                  C1RERRCNT = 0x40e
                    0x040e                  _C1RERRCNT = 0x40e
                    0x040f                  C1TERRCNT = 0x40f
                    0x040f                  _C1TERRCNT = 0x40f
                    0x0410                  C1CFG1 = 0x410
                    0x0410                  _C1CFG1 = 0x410
                    0x0410                  _C1CFG1bits = 0x410
                    0x0412                  C1CFG2 = 0x412
                    0x0412                  _C1CFG2 = 0x412
                    0x0412                  _C1CFG2bits = 0x412
                    0x0414                  C1FEN1 = 0x414
                    0x0414                  _C1FEN1 = 0x414
                    0x0414                  _C1FEN1bits = 0x414
                    0x0418                  C1FMSKSEL1 = 0x418
                    0x0418                  _C1FMSKSEL1 = 0x418
                    0x0418                  _C1FMSKSEL1bits = 0x418
                    0x041a                  C1FMSKSEL2 = 0x41a
                    0x041a                  _C1FMSKSEL2 = 0x41a
                    0x041a                  _C1FMSKSEL2bits = 0x41a
                    0x0420                  C1BUFPNT1 = 0x420
                    0x0420                  _C1BUFPNT1 = 0x420
                    0x0420                  _C1BUFPNT1bits = 0x420
                    0x0420                  C1RXFUL1 = 0x420
                    0x0420                  _C1RXFUL1 = 0x420
                    0x0420                  _C1RXFUL1bits = 0x420
                    0x0422                  C1BUFPNT2 = 0x422
                    0x0422                  _C1BUFPNT2 = 0x422
                    0x0422                  _C1BUFPNT2bits = 0x422
                    0x0422                  C1RXFUL2 = 0x422
                    0x0422                  _C1RXFUL2 = 0x422
                    0x0422                  _C1RXFUL2bits = 0x422
                    0x0424                  C1BUFPNT3 = 0x424
                    0x0424                  _C1BUFPNT3 = 0x424
                    0x0424                  _C1BUFPNT3bits = 0x424
                    0x0426                  C1BUFPNT4 = 0x426
                    0x0426                  _C1BUFPNT4 = 0x426
                    0x0426                  _C1BUFPNT4bits = 0x426
                    0x0428                  C1RXOVF1 = 0x428
                    0x0428                  _C1RXOVF1 = 0x428
                    0x0428                  _C1RXOVF1bits = 0x428
                    0x042a                  C1RXOVF2 = 0x42a
                    0x042a                  _C1RXOVF2 = 0x42a
                    0x042a                  _C1RXOVF2bits = 0x42a
                    0x0430                  C1RXM0SID = 0x430
                    0x0430                  _C1RXM0SID = 0x430
                    0x0430                  _C1RXM0SIDbits = 0x430
                    0x0430                  C1TR01CON = 0x430
                    0x0430                  _C1TR01CON = 0x430
                    0x0430                  _C1TR01CONbits = 0x430
                    0x0432                  C1RXM0EID = 0x432
                    0x0432                  _C1RXM0EID = 0x432
                    0x0432                  _C1RXM0EIDbits = 0x432
                    0x0432                  C1TR23CON = 0x432
                    0x0432                  _C1TR23CON = 0x432
                    0x0432                  _C1TR23CONbits = 0x432
                    0x0434                  C1RXM1SID = 0x434
                    0x0434                  _C1RXM1SID = 0x434
                    0x0434                  _C1RXM1SIDbits = 0x434
                    0x0434                  C1TR45CON = 0x434
                    0x0434                  _C1TR45CON = 0x434
                    0x0434                  _C1TR45CONbits = 0x434
                    0x0436                  C1RXM1EID = 0x436
                    0x0436                  _C1RXM1EID = 0x436
                    0x0436                  _C1RXM1EIDbits = 0x436
                    0x0436                  C1TR67CON = 0x436
                    0x0436                  _C1TR67CON = 0x436
                    0x0436                  _C1TR67CONbits = 0x436
                    0x0438                  C1RXM2SID = 0x438
                    0x0438                  _C1RXM2SID = 0x438
                    0x0438                  _C1RXM2SIDbits = 0x438
                    0x043a                  C1RXM2EID = 0x43a
                    0x043a                  _C1RXM2EID = 0x43a
                    0x043a                  _C1RXM2EIDbits = 0x43a
                    0x0440                  C1RXD = 0x440
                    0x0440                  _C1RXD = 0x440
                    0x0440                  C1RXF0SID = 0x440
                    0x0440                  _C1RXF0SID = 0x440
                    0x0440                  _C1RXF0SIDbits = 0x440
                    0x0442                  C1RXF0EID = 0x442
                    0x0442                  _C1RXF0EID = 0x442
                    0x0442                  _C1RXF0EIDbits = 0x442
                    0x0442                  C1TXD = 0x442
                    0x0442                  _C1TXD = 0x442
                    0x0442                  _C1TXDbits = 0x442
                    0x0444                  C1RXF1SID = 0x444
                    0x0444                  _C1RXF1SID = 0x444
                    0x0444                  _C1RXF1SIDbits = 0x444
                    0x0446                  C1RXF1EID = 0x446
                    0x0446                  _C1RXF1EID = 0x446
                    0x0446                  _C1RXF1EIDbits = 0x446
                    0x0448                  C1RXF2SID = 0x448
                    0x0448                  _C1RXF2SID = 0x448
                    0x0448                  _C1RXF2SIDbits = 0x448
                    0x044a                  C1RXF2EID = 0x44a
                    0x044a                  _C1RXF2EID = 0x44a
                    0x044a                  _C1RXF2EIDbits = 0x44a
                    0x044c                  C1RXF3SID = 0x44c
                    0x044c                  _C1RXF3SID = 0x44c
                    0x044c                  _C1RXF3SIDbits = 0x44c
                    0x044e                  C1RXF3EID = 0x44e
                    0x044e                  _C1RXF3EID = 0x44e
                    0x044e                  _C1RXF3EIDbits = 0x44e
                    0x0450                  C1RXF4SID = 0x450
                    0x0450                  _C1RXF4SID = 0x450
                    0x0450                  _C1RXF4SIDbits = 0x450
                    0x0452                  C1RXF4EID = 0x452
                    0x0452                  _C1RXF4EID = 0x452
                    0x0452                  _C1RXF4EIDbits = 0x452
                    0x0454                  C1RXF5SID = 0x454
                    0x0454                  _C1RXF5SID = 0x454
                    0x0454                  _C1RXF5SIDbits = 0x454
                    0x0456                  C1RXF5EID = 0x456
                    0x0456                  _C1RXF5EID = 0x456
                    0x0456                  _C1RXF5EIDbits = 0x456
                    0x0458                  C1RXF6SID = 0x458
                    0x0458                  _C1RXF6SID = 0x458
                    0x0458                  _C1RXF6SIDbits = 0x458
                    0x045a                  C1RXF6EID = 0x45a
                    0x045a                  _C1RXF6EID = 0x45a
                    0x045a                  _C1RXF6EIDbits = 0x45a
                    0x045c                  C1RXF7SID = 0x45c
                    0x045c                  _C1RXF7SID = 0x45c
                    0x045c                  _C1RXF7SIDbits = 0x45c
                    0x045e                  C1RXF7EID = 0x45e
                    0x045e                  _C1RXF7EID = 0x45e
                    0x045e                  _C1RXF7EIDbits = 0x45e
                    0x0460                  C1RXF8SID = 0x460
                    0x0460                  _C1RXF8SID = 0x460
                    0x0460                  _C1RXF8SIDbits = 0x460
                    0x0462                  C1RXF8EID = 0x462
                    0x0462                  _C1RXF8EID = 0x462
                    0x0462                  _C1RXF8EIDbits = 0x462
                    0x0464                  C1RXF9SID = 0x464
                    0x0464                  _C1RXF9SID = 0x464
                    0x0464                  _C1RXF9SIDbits = 0x464
                    0x0466                  C1RXF9EID = 0x466
                    0x0466                  _C1RXF9EID = 0x466
                    0x0466                  _C1RXF9EIDbits = 0x466
                    0x0468                  C1RXF10SID = 0x468
                    0x0468                  _C1RXF10SID = 0x468
                    0x0468                  _C1RXF10SIDbits = 0x468
                    0x046a                  C1RXF10EID = 0x46a
                    0x046a                  _C1RXF10EID = 0x46a
                    0x046a                  _C1RXF10EIDbits = 0x46a
                    0x046c                  C1RXF11SID = 0x46c
                    0x046c                  _C1RXF11SID = 0x46c
                    0x046c                  _C1RXF11SIDbits = 0x46c
                    0x046e                  C1RXF11EID = 0x46e
                    0x046e                  _C1RXF11EID = 0x46e
                    0x046e                  _C1RXF11EIDbits = 0x46e
                    0x0470                  C1RXF12SID = 0x470
                    0x0470                  _C1RXF12SID = 0x470
                    0x0470                  _C1RXF12SIDbits = 0x470
                    0x0472                  C1RXF12EID = 0x472
                    0x0472                  _C1RXF12EID = 0x472
                    0x0472                  _C1RXF12EIDbits = 0x472
                    0x0474                  C1RXF13SID = 0x474
                    0x0474                  _C1RXF13SID = 0x474
                    0x0474                  _C1RXF13SIDbits = 0x474
                    0x0476                  C1RXF13EID = 0x476
                    0x0476                  _C1RXF13EID = 0x476
                    0x0476                  _C1RXF13EIDbits = 0x476
                    0x0478                  C1RXF14SID = 0x478
                    0x0478                  _C1RXF14SID = 0x478
                    0x0478                  _C1RXF14SIDbits = 0x478
                    0x047a                  C1RXF14EID = 0x47a
                    0x047a                  _C1RXF14EID = 0x47a
                    0x047a                  _C1RXF14EIDbits = 0x47a
                    0x047c                  C1RXF15SID = 0x47c
                    0x047c                  _C1RXF15SID = 0x47c
                    0x047c                  _C1RXF15SIDbits = 0x47c
                    0x047e                  C1RXF15EID = 0x47e
                    0x047e                  _C1RXF15EID = 0x47e
                    0x047e                  _C1RXF15EIDbits = 0x47e
                    0x0488                  U1OTGIR = 0x488
                    0x0488                  _U1OTGIR = 0x488
                    0x0488                  _U1OTGIRbits = 0x488
                    0x048a                  U1OTGIE = 0x48a
                    0x048a                  _U1OTGIE = 0x48a
                    0x048a                  _U1OTGIEbits = 0x48a
                    0x048c                  U1OTGSTAT = 0x48c
                    0x048c                  _U1OTGSTAT = 0x48c
                    0x048c                  _U1OTGSTATbits = 0x48c
                    0x048e                  U1OTGCON = 0x48e
                    0x048e                  _U1OTGCON = 0x48e
                    0x048e                  _U1OTGCONbits = 0x48e
                    0x0490                  U1PWRC = 0x490
                    0x0490                  _U1PWRC = 0x490
                    0x0490                  _U1PWRCbits = 0x490
                    0x04c0                  U1IR = 0x4c0
                    0x04c0                  _U1IR = 0x4c0
                    0x04c0                  _U1IRbits = 0x4c0
                    0x04c2                  U1IE = 0x4c2
                    0x04c2                  _U1IE = 0x4c2
                    0x04c2                  _U1IEbits = 0x4c2
                    0x04c4                  U1EIR = 0x4c4
                    0x04c4                  _U1EIR = 0x4c4
                    0x04c4                  _U1EIRbits = 0x4c4
                    0x04c6                  U1EIE = 0x4c6
                    0x04c6                  _U1EIE = 0x4c6
                    0x04c6                  _U1EIEbits = 0x4c6
                    0x04c8                  U1STAT = 0x4c8
                    0x04c8                  _U1STAT = 0x4c8
                    0x04c8                  _U1STATbits = 0x4c8
                    0x04ca                  U1CON = 0x4ca
                    0x04ca                  _U1CON = 0x4ca
                    0x04ca                  _U1CONbits = 0x4ca
                    0x04cc                  U1ADDR = 0x4cc
                    0x04cc                  _U1ADDR = 0x4cc
                    0x04cc                  _U1ADDRbits = 0x4cc
                    0x04ce                  U1BDTP1 = 0x4ce
                    0x04ce                  _U1BDTP1 = 0x4ce
                    0x04ce                  _U1BDTP1bits = 0x4ce
                    0x04d0                  U1FRML = 0x4d0
                    0x04d0                  _U1FRML = 0x4d0
                    0x04d0                  _U1FRMLbits = 0x4d0
                    0x04d2                  U1FRMH = 0x4d2
                    0x04d2                  _U1FRMH = 0x4d2